Archive member included to satisfy reference by file (symbol)

e:/stmicroelectronics/gcc-arm-none-eabi-10.3-2021.10/bin/../lib/gcc/arm-none-eabi/10.3.1/../../../../arm-none-eabi/lib/thumb/v7-m/nofp\libg.a(lib_a-errno.o)
                              CMakeFiles/ProjectCV.elf.dir/Core/Src/syscalls.c.obj (__errno)
e:/stmicroelectronics/gcc-arm-none-eabi-10.3-2021.10/bin/../lib/gcc/arm-none-eabi/10.3.1/../../../../arm-none-eabi/lib/thumb/v7-m/nofp\libg.a(lib_a-exit.o)
                              e:/stmicroelectronics/gcc-arm-none-eabi-10.3-2021.10/bin/../lib/gcc/arm-none-eabi/10.3.1/../../../../arm-none-eabi/lib/thumb/v7-m/nofp/crt0.o (exit)
e:/stmicroelectronics/gcc-arm-none-eabi-10.3-2021.10/bin/../lib/gcc/arm-none-eabi/10.3.1/../../../../arm-none-eabi/lib/thumb/v7-m/nofp\libg.a(lib_a-impure.o)
                              e:/stmicroelectronics/gcc-arm-none-eabi-10.3-2021.10/bin/../lib/gcc/arm-none-eabi/10.3.1/../../../../arm-none-eabi/lib/thumb/v7-m/nofp\libg.a(lib_a-exit.o) (_global_impure_ptr)
e:/stmicroelectronics/gcc-arm-none-eabi-10.3-2021.10/bin/../lib/gcc/arm-none-eabi/10.3.1/../../../../arm-none-eabi/lib/thumb/v7-m/nofp\libg.a(lib_a-init.o)
                              e:/stmicroelectronics/gcc-arm-none-eabi-10.3-2021.10/bin/../lib/gcc/arm-none-eabi/10.3.1/../../../../arm-none-eabi/lib/thumb/v7-m/nofp/crt0.o (__libc_init_array)
e:/stmicroelectronics/gcc-arm-none-eabi-10.3-2021.10/bin/../lib/gcc/arm-none-eabi/10.3.1/../../../../arm-none-eabi/lib/thumb/v7-m/nofp\libg.a(lib_a-memset.o)
                              e:/stmicroelectronics/gcc-arm-none-eabi-10.3-2021.10/bin/../lib/gcc/arm-none-eabi/10.3.1/../../../../arm-none-eabi/lib/thumb/v7-m/nofp/crt0.o (memset)
e:/stmicroelectronics/gcc-arm-none-eabi-10.3-2021.10/bin/../lib/gcc/arm-none-eabi/10.3.1/../../../../arm-none-eabi/lib/thumb/v7-m/nofp\libg.a(lib_a-printf.o)
                              CMakeFiles/ProjectCV.elf.dir/Core/Src/main.c.obj (printf)
e:/stmicroelectronics/gcc-arm-none-eabi-10.3-2021.10/bin/../lib/gcc/arm-none-eabi/10.3.1/../../../../arm-none-eabi/lib/thumb/v7-m/nofp\libg.a(lib_a-vfprintf.o)
                              e:/stmicroelectronics/gcc-arm-none-eabi-10.3-2021.10/bin/../lib/gcc/arm-none-eabi/10.3.1/../../../../arm-none-eabi/lib/thumb/v7-m/nofp\libg.a(lib_a-printf.o) (_vfprintf_r)
e:/stmicroelectronics/gcc-arm-none-eabi-10.3-2021.10/bin/../lib/gcc/arm-none-eabi/10.3.1/../../../../arm-none-eabi/lib/thumb/v7-m/nofp\libg.a(lib_a-wsetup.o)
                              e:/stmicroelectronics/gcc-arm-none-eabi-10.3-2021.10/bin/../lib/gcc/arm-none-eabi/10.3.1/../../../../arm-none-eabi/lib/thumb/v7-m/nofp\libg.a(lib_a-vfprintf.o) (__swsetup_r)
e:/stmicroelectronics/gcc-arm-none-eabi-10.3-2021.10/bin/../lib/gcc/arm-none-eabi/10.3.1/../../../../arm-none-eabi/lib/thumb/v7-m/nofp\libg.a(lib_a-__call_atexit.o)
                              e:/stmicroelectronics/gcc-arm-none-eabi-10.3-2021.10/bin/../lib/gcc/arm-none-eabi/10.3.1/../../../../arm-none-eabi/lib/thumb/v7-m/nofp\libg.a(lib_a-exit.o) (__call_exitprocs)
e:/stmicroelectronics/gcc-arm-none-eabi-10.3-2021.10/bin/../lib/gcc/arm-none-eabi/10.3.1/../../../../arm-none-eabi/lib/thumb/v7-m/nofp\libg.a(lib_a-atexit.o)
                              e:/stmicroelectronics/gcc-arm-none-eabi-10.3-2021.10/bin/../lib/gcc/arm-none-eabi/10.3.1/../../../../arm-none-eabi/lib/thumb/v7-m/nofp\libg.a(lib_a-__call_atexit.o) (atexit)
e:/stmicroelectronics/gcc-arm-none-eabi-10.3-2021.10/bin/../lib/gcc/arm-none-eabi/10.3.1/../../../../arm-none-eabi/lib/thumb/v7-m/nofp\libg.a(lib_a-dtoa.o)
                              e:/stmicroelectronics/gcc-arm-none-eabi-10.3-2021.10/bin/../lib/gcc/arm-none-eabi/10.3.1/../../../../arm-none-eabi/lib/thumb/v7-m/nofp\libg.a(lib_a-vfprintf.o) (_dtoa_r)
e:/stmicroelectronics/gcc-arm-none-eabi-10.3-2021.10/bin/../lib/gcc/arm-none-eabi/10.3.1/../../../../arm-none-eabi/lib/thumb/v7-m/nofp\libg.a(lib_a-fflush.o)
                              e:/stmicroelectronics/gcc-arm-none-eabi-10.3-2021.10/bin/../lib/gcc/arm-none-eabi/10.3.1/../../../../arm-none-eabi/lib/thumb/v7-m/nofp\libg.a(lib_a-vfprintf.o) (_fflush_r)
e:/stmicroelectronics/gcc-arm-none-eabi-10.3-2021.10/bin/../lib/gcc/arm-none-eabi/10.3.1/../../../../arm-none-eabi/lib/thumb/v7-m/nofp\libg.a(lib_a-findfp.o)
                              e:/stmicroelectronics/gcc-arm-none-eabi-10.3-2021.10/bin/../lib/gcc/arm-none-eabi/10.3.1/../../../../arm-none-eabi/lib/thumb/v7-m/nofp\libg.a(lib_a-vfprintf.o) (__sinit)
e:/stmicroelectronics/gcc-arm-none-eabi-10.3-2021.10/bin/../lib/gcc/arm-none-eabi/10.3.1/../../../../arm-none-eabi/lib/thumb/v7-m/nofp\libg.a(lib_a-fini.o)
                              e:/stmicroelectronics/gcc-arm-none-eabi-10.3-2021.10/bin/../lib/gcc/arm-none-eabi/10.3.1/../../../../arm-none-eabi/lib/thumb/v7-m/nofp\libg.a(lib_a-__call_atexit.o) (__libc_fini_array)
[...]
Memory Configuration

Name             Origin             Length             Attributes
RAM              0x20000000         0x00010000         xrw
FLASH            0x08000000         0x00080000         xr
*default*        0x00000000         0xffffffff

Linker script and memory map

LOAD e:/stmicroelectronics/gcc-arm-none-eabi-10.3-2021.10/bin/../lib/gcc/arm-none-eabi/10.3.1/thumb/v7-m/nofp/crti.o
LOAD e:/stmicroelectronics/gcc-arm-none-eabi-10.3-2021.10/bin/../lib/gcc/arm-none-eabi/10.3.1/thumb/v7-m/nofp/crtbegin.o
LOAD e:/stmicroelectronics/gcc-arm-none-eabi-10.3-2021.10/bin/../lib/gcc/arm-none-eabi/10.3.1/../../../../arm-none-eabi/lib/thumb/v7-m/nofp/crt0.o
LOAD CMakeFiles/ProjectCV.elf.dir/Core/Src/gpio.c.obj
LOAD CMakeFiles/ProjectCV.elf.dir/Core/Src/main.c.obj
LOAD CMakeFiles/ProjectCV.elf.dir/Core/Src/stm32f1xx_hal_msp.c.obj
LOAD CMakeFiles/ProjectCV.elf.dir/Core/Src/stm32f1xx_it.c.obj
LOAD CMakeFiles/ProjectCV.elf.dir/Core/Src/syscalls.c.obj
LOAD CMakeFiles/ProjectCV.elf.dir/Core/Src/sysmem.c.obj
LOAD CMakeFiles/ProjectCV.elf.dir/Core/Src/system_stm32f1xx.c.obj
LOAD CMakeFiles/ProjectCV.elf.dir/Core/Src/usart.c.obj
LOAD CMakeFiles/ProjectCV.elf.dir/Core/Startup/startup_stm32f103zetx.s.obj
LOAD CMakeFiles/ProjectCV.elf.dir/Drivers/STM32F1xx_HAL_Driver/Src/stm32f1xx_hal.c.obj
LOAD CMakeFiles/ProjectCV.elf.dir/Drivers/STM32F1xx_HAL_Driver/Src/stm32f1xx_hal_cortex.c.obj
LOAD CMakeFiles/ProjectCV.elf.dir/Drivers/STM32F1xx_HAL_Driver/Src/stm32f1xx_hal_dma.c.obj
LOAD CMakeFiles/ProjectCV.elf.dir/Drivers/STM32F1xx_HAL_Driver/Src/stm32f1xx_hal_exti.c.obj
LOAD CMakeFiles/ProjectCV.elf.dir/Drivers/STM32F1xx_HAL_Driver/Src/stm32f1xx_hal_flash.c.obj
LOAD CMakeFiles/ProjectCV.elf.dir/Drivers/STM32F1xx_HAL_Driver/Src/stm32f1xx_hal_flash_ex.c.obj
LOAD CMakeFiles/ProjectCV.elf.dir/Drivers/STM32F1xx_HAL_Driver/Src/stm32f1xx_hal_gpio.c.obj
LOAD CMakeFiles/ProjectCV.elf.dir/Drivers/STM32F1xx_HAL_Driver/Src/stm32f1xx_hal_gpio_ex.c.obj
LOAD CMakeFiles/ProjectCV.elf.dir/Drivers/STM32F1xx_HAL_Driver/Src/stm32f1xx_hal_pcd.c.obj
LOAD CMakeFiles/ProjectCV.elf.dir/Drivers/STM32F1xx_HAL_Driver/Src/stm32f1xx_hal_pcd_ex.c.obj
LOAD CMakeFiles/ProjectCV.elf.dir/Drivers/STM32F1xx_HAL_Driver/Src/stm32f1xx_hal_pwr.c.obj
LOAD CMakeFiles/ProjectCV.elf.dir/Drivers/STM32F1xx_HAL_Driver/Src/stm32f1xx_hal_rcc.c.obj
LOAD CMakeFiles/ProjectCV.elf.dir/Drivers/STM32F1xx_HAL_Driver/Src/stm32f1xx_hal_rcc_ex.c.obj
LOAD CMakeFiles/ProjectCV.elf.dir/Drivers/STM32F1xx_HAL_Driver/Src/stm32f1xx_hal_tim.c.obj
LOAD CMakeFiles/ProjectCV.elf.dir/Drivers/STM32F1xx_HAL_Driver/Src/stm32f1xx_hal_tim_ex.c.obj
LOAD CMakeFiles/ProjectCV.elf.dir/Drivers/STM32F1xx_HAL_Driver/Src/stm32f1xx_hal_uart.c.obj
LOAD CMakeFiles/ProjectCV.elf.dir/Drivers/STM32F1xx_HAL_Driver/Src/stm32f1xx_ll_usb.c.obj
LOAD CMakeFiles/ProjectCV.elf.dir/Middlewares/ST/STM32_USB_Device_Library/Class/CustomHID/Src/usbd_customhid.c.obj
LOAD CMakeFiles/ProjectCV.elf.dir/Middlewares/ST/STM32_USB_Device_Library/Core/Src/usbd_core.c.obj
LOAD CMakeFiles/ProjectCV.elf.dir/Middlewares/ST/STM32_USB_Device_Library/Core/Src/usbd_ctlreq.c.obj
LOAD CMakeFiles/ProjectCV.elf.dir/Middlewares/ST/STM32_USB_Device_Library/Core/Src/usbd_ioreq.c.obj
LOAD CMakeFiles/ProjectCV.elf.dir/USB_DEVICE/App/usb_device.c.obj
LOAD CMakeFiles/ProjectCV.elf.dir/USB_DEVICE/App/usbd_custom_hid_if.c.obj
LOAD CMakeFiles/ProjectCV.elf.dir/USB_DEVICE/App/usbd_desc.c.obj
LOAD CMakeFiles/ProjectCV.elf.dir/USB_DEVICE/Target/usbd_conf.c.obj
START GROUP
LOAD e:/stmicroelectronics/gcc-arm-none-eabi-10.3-2021.10/bin/../lib/gcc/arm-none-eabi/10.3.1/thumb/v7-m/nofp\libgcc.a
LOAD e:/stmicroelectronics/gcc-arm-none-eabi-10.3-2021.10/bin/../lib/gcc/arm-none-eabi/10.3.1/../../../../arm-none-eabi/lib/thumb/v7-m/nofp\libg.a
LOAD e:/stmicroelectronics/gcc-arm-none-eabi-10.3-2021.10/bin/../lib/gcc/arm-none-eabi/10.3.1/../../../../arm-none-eabi/lib/thumb/v7-m/nofp\libc.a
END GROUP
LOAD e:/stmicroelectronics/gcc-arm-none-eabi-10.3-2021.10/bin/../lib/gcc/arm-none-eabi/10.3.1/thumb/v7-m/nofp/crtend.o
LOAD e:/stmicroelectronics/gcc-arm-none-eabi-10.3-2021.10/bin/../lib/gcc/arm-none-eabi/10.3.1/thumb/v7-m/nofp/crtn.o
                0x20010000                _estack = (ORIGIN (RAM) + LENGTH (RAM))
                0x00000200                _Min_Heap_Size = 0x200
                0x00000400                _Min_Stack_Size = 0x400

.isr_vector     0x08000000      0x1e4
                0x08000000                . = ALIGN (0x4)
 *(.isr_vector)
 .isr_vector    0x08000000      0x1e4 CMakeFiles/ProjectCV.elf.dir/Core/Startup/startup_stm32f103zetx.s.obj
                0x08000000                g_pfnVectors
                0x080001e4                . = ALIGN (0x4)

.text           0x080001e8     0xacc4
                0x080001e8                . = ALIGN (0x4)
 *(.text)
 .text          0x080001e8       0x40 e:/stmicroelectronics/gcc-arm-none-eabi-10.3-2021.10/bin/../lib/gcc/arm-none-eabi/10.3.1/thumb/v7-m/nofp/crtbegin.o
 .text          0x08000228       0xec e:/stmicroelectronics/gcc-arm-none-eabi-10.3-2021.10/bin/../lib/gcc/arm-none-eabi/10.3.1/../../../../arm-none-eabi/lib/thumb/v7-m/nofp\libg.a(lib_a-memcpy.o)
                0x08000228                memcpy
 .text          0x08000314      0x378 e:/stmicroelectronics/gcc-arm-none-eabi-10.3-2021.10/bin/../lib/gcc/arm-none-eabi/10.3.1/thumb/v7-m/nofp\libgcc.a(_arm_addsubdf3.o)
                0x08000314                __aeabi_drsub
                0x0800031c                __aeabi_dsub
                0x0800031c                __subdf3
                0x08000320                __aeabi_dadd
                0x08000320                __adddf3
                0x08000598                __floatunsidf
                0x08000598                __aeabi_ui2d
                0x080005b8                __floatsidf
                0x080005b8                __aeabi_i2d
                0x080005dc                __aeabi_f2d
                0x080005dc                __extendsfdf2
                0x08000620                __floatundidf
                0x08000620                __aeabi_ul2d
                0x08000630                __floatdidf
                0x08000630                __aeabi_l2d
 .text          0x0800068c      0x424 e:/stmicroelectronics/gcc-arm-none-eabi-10.3-2021.10/bin/../lib/gcc/arm-none-eabi/10.3.1/thumb/v7-m/nofp\libgcc.a(_arm_muldivdf3.o)
                0x0800068c                __aeabi_dmul
                0x0800068c                __muldf3
                0x080008e0                __divdf3
                0x080008e0                __aeabi_ddiv
 .text          0x08000ab0      0x110 e:/stmicroelectronics/gcc-arm-none-eabi-10.3-2021.10/bin/../lib/gcc/arm-none-eabi/10.3.1/thumb/v7-m/nofp\libgcc.a(_arm_cmpdf2.o)
                0x08000ab0                __gtdf2
                0x08000ab0                __gedf2
                0x08000ab8                __ltdf2
                0x08000ab8                __ledf2
                0x08000ac0                __nedf2
                0x08000ac0                __eqdf2
                0x08000ac0                __cmpdf2
                0x08000b3c                __aeabi_cdrcmple
                0x08000b4c                __aeabi_cdcmpeq
                0x08000b4c                __aeabi_cdcmple
                0x08000b5c                __aeabi_dcmpeq
                0x08000b70                __aeabi_dcmplt
                0x08000b84                __aeabi_dcmple
                0x08000b98                __aeabi_dcmpge
                0x08000bac                __aeabi_dcmpgt
 .text          0x08000bc0       0x2c e:/stmicroelectronics/gcc-arm-none-eabi-10.3-2021.10/bin/../lib/gcc/arm-none-eabi/10.3.1/thumb/v7-m/nofp\libgcc.a(_arm_unorddf2.o)
                0x08000bc0                __unorddf2
                0x08000bc0                __aeabi_dcmpun
 .text          0x08000bec       0x50 e:/stmicroelectronics/gcc-arm-none-eabi-10.3-2021.10/bin/../lib/gcc/arm-none-eabi/10.3.1/thumb/v7-m/nofp\libgcc.a(_arm_fixdfsi.o)
                0x08000bec                __aeabi_d2iz
                0x08000bec                __fixdfsi
 .text          0x08000c3c       0x30 e:/stmicroelectronics/gcc-arm-none-eabi-10.3-2021.10/bin/../lib/gcc/arm-none-eabi/10.3.1/thumb/v7-m/nofp\libgcc.a(_aeabi_uldivmod.o)
                0x08000c3c                __aeabi_uldivmod
 .text          0x08000c6c      0x2d4 e:/stmicroelectronics/gcc-arm-none-eabi-10.3-2021.10/bin/../lib/gcc/arm-none-eabi/10.3.1/thumb/v7-m/nofp\libgcc.a(_udivmoddi4.o)
                0x08000c6c                __udivmoddi4
 .text          0x08000f40        0x4 e:/stmicroelectronics/gcc-arm-none-eabi-10.3-2021.10/bin/../lib/gcc/arm-none-eabi/10.3.1/thumb/v7-m/nofp\libgcc.a(_dvmd_tls.o)
                0x08000f40                __aeabi_idiv0
                0x08000f40                __aeabi_ldiv0
 *(.text*)
 .text.MX_GPIO_Init
                0x08000f44       0xc4 CMakeFiles/ProjectCV.elf.dir/Core/Src/gpio.c.obj
                0x08000f44                MX_GPIO_Init
 .text.Error_Handler
                0x08001008        0x4 CMakeFiles/ProjectCV.elf.dir/Core/Src/main.c.obj
                0x08001008                Error_Handler
 .text.SystemClock_Config
                0x0800100c       0x84 CMakeFiles/ProjectCV.elf.dir/Core/Src/main.c.obj
                0x0800100c                SystemClock_Config
 .text.main     0x08001090       0xbc CMakeFiles/ProjectCV.elf.dir/Core/Src/main.c.obj
                0x08001090                main
 .text.HAL_MspInit
                0x0800114c       0x30 CMakeFiles/ProjectCV.elf.dir/Core/Src/stm32f1xx_hal_msp.c.obj
                0x0800114c                HAL_MspInit
 .text.NMI_Handler
                0x0800117c        0x2 CMakeFiles/ProjectCV.elf.dir/Core/Src/stm32f1xx_it.c.obj
                0x0800117c                NMI_Handler
 .text.HardFault_Handler
                0x0800117e        0x2 CMakeFiles/ProjectCV.elf.dir/Core/Src/stm32f1xx_it.c.obj
                0x0800117e                HardFault_Handler
 .text.MemManage_Handler
                0x08001180        0x2 CMakeFiles/ProjectCV.elf.dir/Core/Src/stm32f1xx_it.c.obj
                0x08001180                MemManage_Handler
 .text.BusFault_Handler
                0x08001182        0x2 CMakeFiles/ProjectCV.elf.dir/Core/Src/stm32f1xx_it.c.obj
                0x08001182                BusFault_Handler
 .text.UsageFault_Handler
                0x08001184        0x2 CMakeFiles/ProjectCV.elf.dir/Core/Src/stm32f1xx_it.c.obj
                0x08001184                UsageFault_Handler
 .text.SVC_Handler
                0x08001186        0x2 CMakeFiles/ProjectCV.elf.dir/Core/Src/stm32f1xx_it.c.obj
                0x08001186                SVC_Handler
 .text.DebugMon_Handler
                0x08001188        0x2 CMakeFiles/ProjectCV.elf.dir/Core/Src/stm32f1xx_it.c.obj
                0x08001188                DebugMon_Handler
 .text.PendSV_Handler
                0x0800118a        0x2 CMakeFiles/ProjectCV.elf.dir/Core/Src/stm32f1xx_it.c.obj
                0x0800118a                PendSV_Handler
 .text.SysTick_Handler
                0x0800118c        0x8 CMakeFiles/ProjectCV.elf.dir/Core/Src/stm32f1xx_it.c.obj
                0x0800118c                SysTick_Handler
 .text.USB_LP_CAN1_RX0_IRQHandler
                0x08001194       0x10 CMakeFiles/ProjectCV.elf.dir/Core/Src/stm32f1xx_it.c.obj
                0x08001194                USB_LP_CAN1_RX0_IRQHandler
 .text._getpid  0x080011a4        0x4 CMakeFiles/ProjectCV.elf.dir/Core/Src/syscalls.c.obj
                0x080011a4                _getpid
 .text._kill    0x080011a8       0x10 CMakeFiles/ProjectCV.elf.dir/Core/Src/syscalls.c.obj
                0x080011a8                _kill
 .text._exit    0x080011b8        0xc CMakeFiles/ProjectCV.elf.dir/Core/Src/syscalls.c.obj
                0x080011b8                _exit
 .text._read    0x080011c4       0x20 CMakeFiles/ProjectCV.elf.dir/Core/Src/syscalls.c.obj
                0x080011c4                _read
 .text._write   0x080011e4       0x1c CMakeFiles/ProjectCV.elf.dir/Core/Src/syscalls.c.obj
                0x080011e4                _write
 .text._close   0x08001200        0x6 CMakeFiles/ProjectCV.elf.dir/Core/Src/syscalls.c.obj
                0x08001200                _close
 .text._fstat   0x08001206        0xa CMakeFiles/ProjectCV.elf.dir/Core/Src/syscalls.c.obj
                0x08001206                _fstat
 .text._isatty  0x08001210        0x4 CMakeFiles/ProjectCV.elf.dir/Core/Src/syscalls.c.obj
                0x08001210                _isatty
 .text._lseek   0x08001214        0x4 CMakeFiles/ProjectCV.elf.dir/Core/Src/syscalls.c.obj
                0x08001214                _lseek
 .text._sbrk    0x08001218       0x48 CMakeFiles/ProjectCV.elf.dir/Core/Src/sysmem.c.obj
                0x08001218                _sbrk
 .text.SystemInit
                0x08001260        0x2 CMakeFiles/ProjectCV.elf.dir/Core/Src/system_stm32f1xx.c.obj
                0x08001260                SystemInit
 *fill*         0x08001262        0x2 
 .text.MX_USART1_UART_Init
                0x08001264       0x34 CMakeFiles/ProjectCV.elf.dir/Core/Src/usart.c.obj
                0x08001264                MX_USART1_UART_Init
 .text.HAL_UART_MspInit
                0x08001298       0x78 CMakeFiles/ProjectCV.elf.dir/Core/Src/usart.c.obj
                0x08001298                HAL_UART_MspInit
 .text.Reset_Handler
                0x08001310       0x48 CMakeFiles/ProjectCV.elf.dir/Core/Startup/startup_stm32f103zetx.s.obj
                0x08001310                Reset_Handler
 .text.Default_Handler
                0x08001358        0x2 CMakeFiles/ProjectCV.elf.dir/Core/Startup/startup_stm32f103zetx.s.obj
                0x08001358                RTC_Alarm_IRQHandler
                0x08001358                EXTI2_IRQHandler
                0x08001358                TIM8_TRG_COM_IRQHandler
                0x08001358                TIM8_CC_IRQHandler
                0x08001358                TIM1_CC_IRQHandler
                0x08001358                TIM6_IRQHandler
                0x08001358                PVD_IRQHandler
                0x08001358                SDIO_IRQHandler
                0x08001358                EXTI3_IRQHandler
                0x08001358                EXTI0_IRQHandler
                0x08001358                I2C2_EV_IRQHandler
                0x08001358                ADC1_2_IRQHandler
                0x08001358                SPI1_IRQHandler
                0x08001358                TAMPER_IRQHandler
                0x08001358                TIM8_UP_IRQHandler
                0x08001358                DMA2_Channel2_IRQHandler
                0x08001358                DMA1_Channel4_IRQHandler
                0x08001358                USART3_IRQHandler
                0x08001358                RTC_IRQHandler
                0x08001358                DMA1_Channel7_IRQHandler
                0x08001358                CAN1_RX1_IRQHandler
                0x08001358                UART5_IRQHandler
                0x08001358                ADC3_IRQHandler
                0x08001358                TIM4_IRQHandler
                0x08001358                DMA2_Channel1_IRQHandler
                0x08001358                I2C1_EV_IRQHandler
                0x08001358                DMA1_Channel6_IRQHandler
                0x08001358                UART4_IRQHandler
                0x08001358                TIM3_IRQHandler
                0x08001358                RCC_IRQHandler
                0x08001358                TIM1_TRG_COM_IRQHandler
                0x08001358                DMA1_Channel1_IRQHandler
                0x08001358                Default_Handler
                0x08001358                EXTI15_10_IRQHandler
                0x08001358                TIM7_IRQHandler
                0x08001358                TIM5_IRQHandler
                0x08001358                EXTI9_5_IRQHandler
                0x08001358                SPI2_IRQHandler
                0x08001358                DMA1_Channel5_IRQHandler
                0x08001358                EXTI4_IRQHandler
                0x08001358                USB_HP_CAN1_TX_IRQHandler
                0x08001358                DMA1_Channel3_IRQHandler
                0x08001358                FSMC_IRQHandler
                0x08001358                TIM1_UP_IRQHandler
                0x08001358                WWDG_IRQHandler
                0x08001358                TIM2_IRQHandler
                0x08001358                TIM1_BRK_IRQHandler
                0x08001358                EXTI1_IRQHandler
                0x08001358                DMA2_Channel4_5_IRQHandler
                0x08001358                USART2_IRQHandler
                0x08001358                I2C2_ER_IRQHandler
                0x08001358                DMA1_Channel2_IRQHandler
                0x08001358                TIM8_BRK_IRQHandler
                0x08001358                CAN1_SCE_IRQHandler
                0x08001358                FLASH_IRQHandler
                0x08001358                USART1_IRQHandler
                0x08001358                SPI3_IRQHandler
                0x08001358                I2C1_ER_IRQHandler
                0x08001358                USBWakeUp_IRQHandler
                0x08001358                DMA2_Channel3_IRQHandler
 *fill*         0x0800135a        0x2 
 .text.HAL_InitTick
                0x0800135c       0x4c CMakeFiles/ProjectCV.elf.dir/Drivers/STM32F1xx_HAL_Driver/Src/stm32f1xx_hal.c.obj
                0x0800135c                HAL_InitTick
 .text.HAL_Init
                0x080013a8       0x24 CMakeFiles/ProjectCV.elf.dir/Drivers/STM32F1xx_HAL_Driver/Src/stm32f1xx_hal.c.obj
                0x080013a8                HAL_Init
 .text.HAL_IncTick
                0x080013cc       0x18 CMakeFiles/ProjectCV.elf.dir/Drivers/STM32F1xx_HAL_Driver/Src/stm32f1xx_hal.c.obj
                0x080013cc                HAL_IncTick
 .text.HAL_GetTick
                0x080013e4        0xc CMakeFiles/ProjectCV.elf.dir/Drivers/STM32F1xx_HAL_Driver/Src/stm32f1xx_hal.c.obj
                0x080013e4                HAL_GetTick
 .text.HAL_NVIC_SetPriorityGrouping
                0x080013f0       0x24 CMakeFiles/ProjectCV.elf.dir/Drivers/STM32F1xx_HAL_Driver/Src/stm32f1xx_hal_cortex.c.obj
                0x080013f0                HAL_NVIC_SetPriorityGrouping
 .text.HAL_NVIC_SetPriority
                0x08001414       0x70 CMakeFiles/ProjectCV.elf.dir/Drivers/STM32F1xx_HAL_Driver/Src/stm32f1xx_hal_cortex.c.obj
                0x08001414                HAL_NVIC_SetPriority
 .text.HAL_NVIC_EnableIRQ
                0x08001484       0x1c CMakeFiles/ProjectCV.elf.dir/Drivers/STM32F1xx_HAL_Driver/Src/stm32f1xx_hal_cortex.c.obj
                0x08001484                HAL_NVIC_EnableIRQ
 .text.HAL_SYSTICK_Config
                0x080014a0       0x28 CMakeFiles/ProjectCV.elf.dir/Drivers/STM32F1xx_HAL_Driver/Src/stm32f1xx_hal_cortex.c.obj
                0x080014a0                HAL_SYSTICK_Config
 .text.HAL_GPIO_Init
                0x080014c8      0x240 CMakeFiles/ProjectCV.elf.dir/Drivers/STM32F1xx_HAL_Driver/Src/stm32f1xx_hal_gpio.c.obj
                0x080014c8                HAL_GPIO_Init
 .text.HAL_GPIO_ReadPin
                0x08001708        0xe CMakeFiles/ProjectCV.elf.dir/Drivers/STM32F1xx_HAL_Driver/Src/stm32f1xx_hal_gpio.c.obj
                0x08001708                HAL_GPIO_ReadPin
 .text.HAL_GPIO_WritePin
                0x08001716        0xc CMakeFiles/ProjectCV.elf.dir/Drivers/STM32F1xx_HAL_Driver/Src/stm32f1xx_hal_gpio.c.obj
                0x08001716                HAL_GPIO_WritePin
 .text.HAL_PCD_EP_DB_Receive
                0x08001722      0x11c CMakeFiles/ProjectCV.elf.dir/Drivers/STM32F1xx_HAL_Driver/Src/stm32f1xx_hal_pcd.c.obj
 .text.HAL_PCD_Init
                0x0800183e      0x118 CMakeFiles/ProjectCV.elf.dir/Drivers/STM32F1xx_HAL_Driver/Src/stm32f1xx_hal_pcd.c.obj
                0x0800183e                HAL_PCD_Init
 .text.HAL_PCD_Start
                0x08001956       0x32 CMakeFiles/ProjectCV.elf.dir/Drivers/STM32F1xx_HAL_Driver/Src/stm32f1xx_hal_pcd.c.obj
                0x08001956                HAL_PCD_Start
 .text.HAL_PCD_EP_DB_Transmit
                0x08001988      0x420 CMakeFiles/ProjectCV.elf.dir/Drivers/STM32F1xx_HAL_Driver/Src/stm32f1xx_hal_pcd.c.obj
 .text.PCD_EP_ISR_Handler
                0x08001da8      0x438 CMakeFiles/ProjectCV.elf.dir/Drivers/STM32F1xx_HAL_Driver/Src/stm32f1xx_hal_pcd.c.obj
 .text.HAL_PCD_SetAddress
                0x080021e0       0x28 CMakeFiles/ProjectCV.elf.dir/Drivers/STM32F1xx_HAL_Driver/Src/stm32f1xx_hal_pcd.c.obj
                0x080021e0                HAL_PCD_SetAddress
 .text.HAL_PCD_IRQHandler
                0x08002208      0x1d4 CMakeFiles/ProjectCV.elf.dir/Drivers/STM32F1xx_HAL_Driver/Src/stm32f1xx_hal_pcd.c.obj
                0x08002208                HAL_PCD_IRQHandler
 .text.HAL_PCD_EP_Open
                0x080023dc       0x84 CMakeFiles/ProjectCV.elf.dir/Drivers/STM32F1xx_HAL_Driver/Src/stm32f1xx_hal_pcd.c.obj
                0x080023dc                HAL_PCD_EP_Open
 .text.HAL_PCD_EP_Close
                0x08002460       0x64 CMakeFiles/ProjectCV.elf.dir/Drivers/STM32F1xx_HAL_Driver/Src/stm32f1xx_hal_pcd.c.obj
                0x08002460                HAL_PCD_EP_Close
 .text.HAL_PCD_EP_Receive
                0x080024c4       0x44 CMakeFiles/ProjectCV.elf.dir/Drivers/STM32F1xx_HAL_Driver/Src/stm32f1xx_hal_pcd.c.obj
                0x080024c4                HAL_PCD_EP_Receive
 .text.HAL_PCD_EP_Transmit
                0x08002508       0x50 CMakeFiles/ProjectCV.elf.dir/Drivers/STM32F1xx_HAL_Driver/Src/stm32f1xx_hal_pcd.c.obj
                0x08002508                HAL_PCD_EP_Transmit
 .text.HAL_PCD_EP_SetStall
                0x08002558       0x78 CMakeFiles/ProjectCV.elf.dir/Drivers/STM32F1xx_HAL_Driver/Src/stm32f1xx_hal_pcd.c.obj
                0x08002558                HAL_PCD_EP_SetStall
 .text.HAL_PCD_EP_ClrStall
                0x080025d0       0x76 CMakeFiles/ProjectCV.elf.dir/Drivers/STM32F1xx_HAL_Driver/Src/stm32f1xx_hal_pcd.c.obj
                0x080025d0                HAL_PCD_EP_ClrStall
 .text.HAL_PCDEx_PMAConfig
                0x08002646       0x38 CMakeFiles/ProjectCV.elf.dir/Drivers/STM32F1xx_HAL_Driver/Src/stm32f1xx_hal_pcd_ex.c.obj
                0x08002646                HAL_PCDEx_PMAConfig
 *fill*         0x0800267e        0x2 
 .text.RCC_Delay
                0x08002680       0x2c CMakeFiles/ProjectCV.elf.dir/Drivers/STM32F1xx_HAL_Driver/Src/stm32f1xx_hal_rcc.c.obj
 .text.HAL_RCC_OscConfig
                0x080026ac      0x410 CMakeFiles/ProjectCV.elf.dir/Drivers/STM32F1xx_HAL_Driver/Src/stm32f1xx_hal_rcc.c.obj
                0x080026ac                HAL_RCC_OscConfig
 .text.HAL_RCC_GetSysClockFreq
                0x08002abc       0x70 CMakeFiles/ProjectCV.elf.dir/Drivers/STM32F1xx_HAL_Driver/Src/stm32f1xx_hal_rcc.c.obj
                0x08002abc                HAL_RCC_GetSysClockFreq
 .text.HAL_RCC_ClockConfig
                0x08002b2c      0x16c CMakeFiles/ProjectCV.elf.dir/Drivers/STM32F1xx_HAL_Driver/Src/stm32f1xx_hal_rcc.c.obj
                0x08002b2c                HAL_RCC_ClockConfig
 .text.HAL_RCC_GetHCLKFreq
                0x08002c98        0xc CMakeFiles/ProjectCV.elf.dir/Drivers/STM32F1xx_HAL_Driver/Src/stm32f1xx_hal_rcc.c.obj
                0x08002c98                HAL_RCC_GetHCLKFreq
 .text.HAL_RCC_GetPCLK1Freq
                0x08002ca4       0x20 CMakeFiles/ProjectCV.elf.dir/Drivers/STM32F1xx_HAL_Driver/Src/stm32f1xx_hal_rcc.c.obj
                0x08002ca4                HAL_RCC_GetPCLK1Freq
 .text.HAL_RCC_GetPCLK2Freq
                0x08002cc4       0x20 CMakeFiles/ProjectCV.elf.dir/Drivers/STM32F1xx_HAL_Driver/Src/stm32f1xx_hal_rcc.c.obj
                0x08002cc4                HAL_RCC_GetPCLK2Freq
 .text.HAL_RCCEx_PeriphCLKConfig
                0x08002ce4      0x118 CMakeFiles/ProjectCV.elf.dir/Drivers/STM32F1xx_HAL_Driver/Src/stm32f1xx_hal_rcc_ex.c.obj
                0x08002ce4                HAL_RCCEx_PeriphCLKConfig
 .text.UART_SetConfig
                0x08002dfc       0x94 CMakeFiles/ProjectCV.elf.dir/Drivers/STM32F1xx_HAL_Driver/Src/stm32f1xx_hal_uart.c.obj
 .text.HAL_UART_Init
                0x08002e90       0x5e CMakeFiles/ProjectCV.elf.dir/Drivers/STM32F1xx_HAL_Driver/Src/stm32f1xx_hal_uart.c.obj
                0x08002e90                HAL_UART_Init
 .text.USB_CoreInit
                0x08002eee        0xe CMakeFiles/ProjectCV.elf.dir/Drivers/STM32F1xx_HAL_Driver/Src/stm32f1xx_ll_usb.c.obj
                0x08002eee                USB_CoreInit
 .text.USB_EnableGlobalInt
                0x08002efc       0x12 CMakeFiles/ProjectCV.elf.dir/Drivers/STM32F1xx_HAL_Driver/Src/stm32f1xx_ll_usb.c.obj
                0x08002efc                USB_EnableGlobalInt
 .text.USB_DisableGlobalInt
                0x08002f0e       0x14 CMakeFiles/ProjectCV.elf.dir/Drivers/STM32F1xx_HAL_Driver/Src/stm32f1xx_ll_usb.c.obj
                0x08002f0e                USB_DisableGlobalInt
 .text.USB_SetCurrentMode
                0x08002f22        0x4 CMakeFiles/ProjectCV.elf.dir/Drivers/STM32F1xx_HAL_Driver/Src/stm32f1xx_ll_usb.c.obj
                0x08002f22                USB_SetCurrentMode
 .text.USB_DevInit
                0x08002f26       0x22 CMakeFiles/ProjectCV.elf.dir/Drivers/STM32F1xx_HAL_Driver/Src/stm32f1xx_ll_usb.c.obj
                0x08002f26                USB_DevInit
 .text.USB_ActivateEndpoint
                0x08002f48      0x378 CMakeFiles/ProjectCV.elf.dir/Drivers/STM32F1xx_HAL_Driver/Src/stm32f1xx_ll_usb.c.obj
                0x08002f48                USB_ActivateEndpoint
 .text.USB_DeactivateEndpoint
                0x080032c0      0x1d6 CMakeFiles/ProjectCV.elf.dir/Drivers/STM32F1xx_HAL_Driver/Src/stm32f1xx_ll_usb.c.obj
                0x080032c0                USB_DeactivateEndpoint
 .text.USB_EPSetStall
                0x08003496       0x4a CMakeFiles/ProjectCV.elf.dir/Drivers/STM32F1xx_HAL_Driver/Src/stm32f1xx_ll_usb.c.obj
                0x08003496                USB_EPSetStall
 .text.USB_EPClearStall
                0x080034e0       0xa2 CMakeFiles/ProjectCV.elf.dir/Drivers/STM32F1xx_HAL_Driver/Src/stm32f1xx_ll_usb.c.obj
                0x080034e0                USB_EPClearStall
 .text.USB_SetDevAddress
                0x08003582        0xc CMakeFiles/ProjectCV.elf.dir/Drivers/STM32F1xx_HAL_Driver/Src/stm32f1xx_ll_usb.c.obj
                0x08003582                USB_SetDevAddress
 .text.USB_DevConnect
                0x0800358e        0x4 CMakeFiles/ProjectCV.elf.dir/Drivers/STM32F1xx_HAL_Driver/Src/stm32f1xx_ll_usb.c.obj
                0x0800358e                USB_DevConnect
 .text.USB_DevDisconnect
                0x08003592        0x4 CMakeFiles/ProjectCV.elf.dir/Drivers/STM32F1xx_HAL_Driver/Src/stm32f1xx_ll_usb.c.obj
                0x08003592                USB_DevDisconnect
 .text.USB_ReadInterrupts
                0x08003596        0x8 CMakeFiles/ProjectCV.elf.dir/Drivers/STM32F1xx_HAL_Driver/Src/stm32f1xx_ll_usb.c.obj
                0x08003596                USB_ReadInterrupts
 .text.USB_EP0_OutStart
                0x0800359e        0x4 CMakeFiles/ProjectCV.elf.dir/Drivers/STM32F1xx_HAL_Driver/Src/stm32f1xx_ll_usb.c.obj
                0x0800359e                USB_EP0_OutStart
 .text.USB_WritePMA
                0x080035a2       0x28 CMakeFiles/ProjectCV.elf.dir/Drivers/STM32F1xx_HAL_Driver/Src/stm32f1xx_ll_usb.c.obj
                0x080035a2                USB_WritePMA
 .text.USB_EPStartXfer
                0x080035ca      0x8b2 CMakeFiles/ProjectCV.elf.dir/Drivers/STM32F1xx_HAL_Driver/Src/stm32f1xx_ll_usb.c.obj
                0x080035ca                USB_EPStartXfer
 .text.USB_ReadPMA
                0x08003e7c       0x30 CMakeFiles/ProjectCV.elf.dir/Drivers/STM32F1xx_HAL_Driver/Src/stm32f1xx_ll_usb.c.obj
                0x08003e7c                USB_ReadPMA
 .text.USBD_CUSTOM_HID_GetFSCfgDesc
                0x08003eac        0xc CMakeFiles/ProjectCV.elf.dir/Middlewares/ST/STM32_USB_Device_Library/Class/CustomHID/Src/usbd_customhid.c.obj
 .text.USBD_CUSTOM_HID_GetHSCfgDesc
                0x08003eb8        0xc CMakeFiles/ProjectCV.elf.dir/Middlewares/ST/STM32_USB_Device_Library/Class/CustomHID/Src/usbd_customhid.c.obj
 .text.USBD_CUSTOM_HID_GetOtherSpeedCfgDesc
                0x08003ec4        0xc CMakeFiles/ProjectCV.elf.dir/Middlewares/ST/STM32_USB_Device_Library/Class/CustomHID/Src/usbd_customhid.c.obj
 .text.USBD_CUSTOM_HID_DataIn
                0x08003ed0        0xa CMakeFiles/ProjectCV.elf.dir/Middlewares/ST/STM32_USB_Device_Library/Class/CustomHID/Src/usbd_customhid.c.obj
 .text.USBD_CUSTOM_HID_EP0_RxReady
                0x08003eda       0x22 CMakeFiles/ProjectCV.elf.dir/Middlewares/ST/STM32_USB_Device_Library/Class/CustomHID/Src/usbd_customhid.c.obj
 .text.USBD_CUSTOM_HID_GetDeviceQualifierDesc
                0x08003efc        0xc CMakeFiles/ProjectCV.elf.dir/Middlewares/ST/STM32_USB_Device_Library/Class/CustomHID/Src/usbd_customhid.c.obj
 .text.USBD_CUSTOM_HID_DataOut
                0x08003f08       0x24 CMakeFiles/ProjectCV.elf.dir/Middlewares/ST/STM32_USB_Device_Library/Class/CustomHID/Src/usbd_customhid.c.obj
 .text.USBD_CUSTOM_HID_Setup
                0x08003f2c      0x124 CMakeFiles/ProjectCV.elf.dir/Middlewares/ST/STM32_USB_Device_Library/Class/CustomHID/Src/usbd_customhid.c.obj
 .text.USBD_CUSTOM_HID_DeInit
                0x08004050       0x38 CMakeFiles/ProjectCV.elf.dir/Middlewares/ST/STM32_USB_Device_Library/Class/CustomHID/Src/usbd_customhid.c.obj
 .text.USBD_CUSTOM_HID_Init
                0x08004088       0x50 CMakeFiles/ProjectCV.elf.dir/Middlewares/ST/STM32_USB_Device_Library/Class/CustomHID/Src/usbd_customhid.c.obj
 .text.USBD_CUSTOM_HID_RegisterInterface
                0x080040d8        0xe CMakeFiles/ProjectCV.elf.dir/Middlewares/ST/STM32_USB_Device_Library/Class/CustomHID/Src/usbd_customhid.c.obj
                0x080040d8                USBD_CUSTOM_HID_RegisterInterface
 .text.USBD_Init
                0x080040e6       0x2e CMakeFiles/ProjectCV.elf.dir/Middlewares/ST/STM32_USB_Device_Library/Core/Src/usbd_core.c.obj
                0x080040e6                USBD_Init
 .text.USBD_RegisterClass
                0x08004114        0xe CMakeFiles/ProjectCV.elf.dir/Middlewares/ST/STM32_USB_Device_Library/Core/Src/usbd_core.c.obj
                0x08004114                USBD_RegisterClass
 .text.USBD_Start
                0x08004122        0xa CMakeFiles/ProjectCV.elf.dir/Middlewares/ST/STM32_USB_Device_Library/Core/Src/usbd_core.c.obj
                0x08004122                USBD_Start
 .text.USBD_SetClassConfig
                0x0800412c       0x18 CMakeFiles/ProjectCV.elf.dir/Middlewares/ST/STM32_USB_Device_Library/Core/Src/usbd_core.c.obj
                0x0800412c                USBD_SetClassConfig
 .text.USBD_ClrClassConfig
                0x08004144        0xe CMakeFiles/ProjectCV.elf.dir/Middlewares/ST/STM32_USB_Device_Library/Core/Src/usbd_core.c.obj
                0x08004144                USBD_ClrClassConfig
 .text.USBD_LL_SetupStage
                0x08004152       0x5a CMakeFiles/ProjectCV.elf.dir/Middlewares/ST/STM32_USB_Device_Library/Core/Src/usbd_core.c.obj
                0x08004152                USBD_LL_SetupStage
 .text.USBD_LL_DataOutStage
                0x080041ac       0x8c CMakeFiles/ProjectCV.elf.dir/Middlewares/ST/STM32_USB_Device_Library/Core/Src/usbd_core.c.obj
                0x080041ac                USBD_LL_DataOutStage
 .text.USBD_LL_DataInStage
                0x08004238       0xd0 CMakeFiles/ProjectCV.elf.dir/Middlewares/ST/STM32_USB_Device_Library/Core/Src/usbd_core.c.obj
                0x08004238                USBD_LL_DataInStage
 .text.USBD_LL_Reset
                0x08004308       0x50 CMakeFiles/ProjectCV.elf.dir/Middlewares/ST/STM32_USB_Device_Library/Core/Src/usbd_core.c.obj
                0x08004308                USBD_LL_Reset
 .text.USBD_LL_SetSpeed
                0x08004358        0x6 CMakeFiles/ProjectCV.elf.dir/Middlewares/ST/STM32_USB_Device_Library/Core/Src/usbd_core.c.obj
                0x08004358                USBD_LL_SetSpeed
 .text.USBD_LL_Suspend
                0x0800435e       0x12 CMakeFiles/ProjectCV.elf.dir/Middlewares/ST/STM32_USB_Device_Library/Core/Src/usbd_core.c.obj
                0x0800435e                USBD_LL_Suspend
 .text.USBD_LL_Resume
                0x08004370       0x16 CMakeFiles/ProjectCV.elf.dir/Middlewares/ST/STM32_USB_Device_Library/Core/Src/usbd_core.c.obj
                0x08004370                USBD_LL_Resume
 .text.USBD_LL_SOF
                0x08004386       0x1c CMakeFiles/ProjectCV.elf.dir/Middlewares/ST/STM32_USB_Device_Library/Core/Src/usbd_core.c.obj
                0x08004386                USBD_LL_SOF
 .text.USBD_GetLen
                0x080043a2       0x14 CMakeFiles/ProjectCV.elf.dir/Middlewares/ST/STM32_USB_Device_Library/Core/Src/usbd_ctlreq.c.obj
 .text.USBD_SetFeature
                0x080043b6       0x14 CMakeFiles/ProjectCV.elf.dir/Middlewares/ST/STM32_USB_Device_Library/Core/Src/usbd_ctlreq.c.obj
 .text.USBD_ParseSetupRequest
                0x080043ca       0x28 CMakeFiles/ProjectCV.elf.dir/Middlewares/ST/STM32_USB_Device_Library/Core/Src/usbd_ctlreq.c.obj
                0x080043ca                USBD_ParseSetupRequest
 .text.USBD_CtlError
                0x080043f2       0x14 CMakeFiles/ProjectCV.elf.dir/Middlewares/ST/STM32_USB_Device_Library/Core/Src/usbd_ctlreq.c.obj
                0x080043f2                USBD_CtlError
 .text.USBD_GetDescriptor
                0x08004406      0x186 CMakeFiles/ProjectCV.elf.dir/Middlewares/ST/STM32_USB_Device_Library/Core/Src/usbd_ctlreq.c.obj
 .text.USBD_SetAddress
                0x0800458c       0x4e CMakeFiles/ProjectCV.elf.dir/Middlewares/ST/STM32_USB_Device_Library/Core/Src/usbd_ctlreq.c.obj
 *fill*         0x080045da        0x2 
 .text.USBD_SetConfig
                0x080045dc       0xb0 CMakeFiles/ProjectCV.elf.dir/Middlewares/ST/STM32_USB_Device_Library/Core/Src/usbd_ctlreq.c.obj
 .text.USBD_GetConfig
                0x0800468c       0x3e CMakeFiles/ProjectCV.elf.dir/Middlewares/ST/STM32_USB_Device_Library/Core/Src/usbd_ctlreq.c.obj
 .text.USBD_GetStatus
                0x080046ca       0x38 CMakeFiles/ProjectCV.elf.dir/Middlewares/ST/STM32_USB_Device_Library/Core/Src/usbd_ctlreq.c.obj
 .text.USBD_ClrFeature
                0x08004702       0x26 CMakeFiles/ProjectCV.elf.dir/Middlewares/ST/STM32_USB_Device_Library/Core/Src/usbd_ctlreq.c.obj
 .text.USBD_StdDevReq
                0x08004728       0x68 CMakeFiles/ProjectCV.elf.dir/Middlewares/ST/STM32_USB_Device_Library/Core/Src/usbd_ctlreq.c.obj
                0x08004728                USBD_StdDevReq
 .text.USBD_StdItfReq
                0x08004790       0x60 CMakeFiles/ProjectCV.elf.dir/Middlewares/ST/STM32_USB_Device_Library/Core/Src/usbd_ctlreq.c.obj
                0x08004790                USBD_StdItfReq
 .text.USBD_StdEPReq
                0x080047f0      0x1e2 CMakeFiles/ProjectCV.elf.dir/Middlewares/ST/STM32_USB_Device_Library/Core/Src/usbd_ctlreq.c.obj
                0x080047f0                USBD_StdEPReq
 .text.USBD_GetString
                0x080049d2       0x3a CMakeFiles/ProjectCV.elf.dir/Middlewares/ST/STM32_USB_Device_Library/Core/Src/usbd_ctlreq.c.obj
                0x080049d2                USBD_GetString
 .text.USBD_CtlSendData
                0x08004a0c       0x1a CMakeFiles/ProjectCV.elf.dir/Middlewares/ST/STM32_USB_Device_Library/Core/Src/usbd_ioreq.c.obj
                0x08004a0c                USBD_CtlSendData
 .text.USBD_CtlContinueSendData
                0x08004a26       0x10 CMakeFiles/ProjectCV.elf.dir/Middlewares/ST/STM32_USB_Device_Library/Core/Src/usbd_ioreq.c.obj
                0x08004a26                USBD_CtlContinueSendData
 .text.USBD_CtlPrepareRx
                0x08004a36       0x1e CMakeFiles/ProjectCV.elf.dir/Middlewares/ST/STM32_USB_Device_Library/Core/Src/usbd_ioreq.c.obj
                0x08004a36                USBD_CtlPrepareRx
 .text.USBD_CtlContinueRx
                0x08004a54       0x10 CMakeFiles/ProjectCV.elf.dir/Middlewares/ST/STM32_USB_Device_Library/Core/Src/usbd_ioreq.c.obj
                0x08004a54                USBD_CtlContinueRx
 .text.USBD_CtlSendStatus
                0x08004a64       0x16 CMakeFiles/ProjectCV.elf.dir/Middlewares/ST/STM32_USB_Device_Library/Core/Src/usbd_ioreq.c.obj
                0x08004a64                USBD_CtlSendStatus
 .text.USBD_CtlReceiveStatus
                0x08004a7a       0x16 CMakeFiles/ProjectCV.elf.dir/Middlewares/ST/STM32_USB_Device_Library/Core/Src/usbd_ioreq.c.obj
                0x08004a7a                USBD_CtlReceiveStatus
 .text.MX_USB_DEVICE_Init
                0x08004a90       0x54 CMakeFiles/ProjectCV.elf.dir/USB_DEVICE/App/usb_device.c.obj
                0x08004a90                MX_USB_DEVICE_Init
 .text.CUSTOM_HID_Init_FS
                0x08004ae4        0x4 CMakeFiles/ProjectCV.elf.dir/USB_DEVICE/App/usbd_custom_hid_if.c.obj
 .text.CUSTOM_HID_DeInit_FS
                0x08004ae8        0x4 CMakeFiles/ProjectCV.elf.dir/USB_DEVICE/App/usbd_custom_hid_if.c.obj
 .text.CUSTOM_HID_OutEvent_FS
                0x08004aec        0x4 CMakeFiles/ProjectCV.elf.dir/USB_DEVICE/App/usbd_custom_hid_if.c.obj
 .text.USBD_FS_DeviceDescriptor
                0x08004af0        0xc CMakeFiles/ProjectCV.elf.dir/USB_DEVICE/App/usbd_desc.c.obj
                0x08004af0                USBD_FS_DeviceDescriptor
 .text.USBD_FS_LangIDStrDescriptor
                0x08004afc        0xc CMakeFiles/ProjectCV.elf.dir/USB_DEVICE/App/usbd_desc.c.obj
                0x08004afc                USBD_FS_LangIDStrDescriptor
 .text.IntToUnicode
                0x08004b08       0x46 CMakeFiles/ProjectCV.elf.dir/USB_DEVICE/App/usbd_desc.c.obj
 *fill*         0x08004b4e        0x2 
 .text.Get_SerialNum
                0x08004b50       0x38 CMakeFiles/ProjectCV.elf.dir/USB_DEVICE/App/usbd_desc.c.obj
 .text.USBD_FS_SerialStrDescriptor
                0x08004b88       0x14 CMakeFiles/ProjectCV.elf.dir/USB_DEVICE/App/usbd_desc.c.obj
                0x08004b88                USBD_FS_SerialStrDescriptor
 .text.USBD_FS_ProductStrDescriptor
                0x08004b9c       0x24 CMakeFiles/ProjectCV.elf.dir/USB_DEVICE/App/usbd_desc.c.obj
                0x08004b9c                USBD_FS_ProductStrDescriptor
 .text.USBD_FS_ManufacturerStrDescriptor
                0x08004bc0       0x1c CMakeFiles/ProjectCV.elf.dir/USB_DEVICE/App/usbd_desc.c.obj
                0x08004bc0                USBD_FS_ManufacturerStrDescriptor
 .text.USBD_FS_ConfigStrDescriptor
                0x08004bdc       0x24 CMakeFiles/ProjectCV.elf.dir/USB_DEVICE/App/usbd_desc.c.obj
                0x08004bdc                USBD_FS_ConfigStrDescriptor
 .text.USBD_FS_InterfaceStrDescriptor
                0x08004c00       0x24 CMakeFiles/ProjectCV.elf.dir/USB_DEVICE/App/usbd_desc.c.obj
                0x08004c00                USBD_FS_InterfaceStrDescriptor
 .text.USBD_Get_USB_Status
                0x08004c24       0x14 CMakeFiles/ProjectCV.elf.dir/USB_DEVICE/Target/usbd_conf.c.obj
 .text.HAL_PCD_MspInit
                0x08004c38       0x40 CMakeFiles/ProjectCV.elf.dir/USB_DEVICE/Target/usbd_conf.c.obj
                0x08004c38                HAL_PCD_MspInit
 .text.HAL_PCD_SetupStageCallback
                0x08004c78       0x10 CMakeFiles/ProjectCV.elf.dir/USB_DEVICE/Target/usbd_conf.c.obj
                0x08004c78                HAL_PCD_SetupStageCallback
 .text.HAL_PCD_DataOutStageCallback
                0x08004c88       0x18 CMakeFiles/ProjectCV.elf.dir/USB_DEVICE/Target/usbd_conf.c.obj
                0x08004c88                HAL_PCD_DataOutStageCallback
 .text.HAL_PCD_DataInStageCallback
                0x08004ca0       0x16 CMakeFiles/ProjectCV.elf.dir/USB_DEVICE/Target/usbd_conf.c.obj
                0x08004ca0                HAL_PCD_DataInStageCallback
 .text.HAL_PCD_SOFCallback
                0x08004cb6        0xc CMakeFiles/ProjectCV.elf.dir/USB_DEVICE/Target/usbd_conf.c.obj
                0x08004cb6                HAL_PCD_SOFCallback
 .text.HAL_PCD_ResetCallback
                0x08004cc2       0x24 CMakeFiles/ProjectCV.elf.dir/USB_DEVICE/Target/usbd_conf.c.obj
                0x08004cc2                HAL_PCD_ResetCallback
 *fill*         0x08004ce6        0x2 
 .text.HAL_PCD_SuspendCallback
                0x08004ce8       0x20 CMakeFiles/ProjectCV.elf.dir/USB_DEVICE/Target/usbd_conf.c.obj
                0x08004ce8                HAL_PCD_SuspendCallback
 .text.HAL_PCD_ResumeCallback
                0x08004d08        0xc CMakeFiles/ProjectCV.elf.dir/USB_DEVICE/Target/usbd_conf.c.obj
                0x08004d08                HAL_PCD_ResumeCallback
 .text.USBD_LL_Init
                0x08004d14       0x74 CMakeFiles/ProjectCV.elf.dir/USB_DEVICE/Target/usbd_conf.c.obj
                0x08004d14                USBD_LL_Init
 .text.USBD_LL_Start
                0x08004d88       0x10 CMakeFiles/ProjectCV.elf.dir/USB_DEVICE/Target/usbd_conf.c.obj
                0x08004d88                USBD_LL_Start
 .text.USBD_LL_OpenEP
                0x08004d98       0x16 CMakeFiles/ProjectCV.elf.dir/USB_DEVICE/Target/usbd_conf.c.obj
                0x08004d98                USBD_LL_OpenEP
 .text.USBD_LL_CloseEP
                0x08004dae       0x10 CMakeFiles/ProjectCV.elf.dir/USB_DEVICE/Target/usbd_conf.c.obj
                0x08004dae                USBD_LL_CloseEP
 .text.USBD_LL_StallEP
                0x08004dbe       0x10 CMakeFiles/ProjectCV.elf.dir/USB_DEVICE/Target/usbd_conf.c.obj
                0x08004dbe                USBD_LL_StallEP
 .text.USBD_LL_ClearStallEP
                0x08004dce       0x10 CMakeFiles/ProjectCV.elf.dir/USB_DEVICE/Target/usbd_conf.c.obj
                0x08004dce                USBD_LL_ClearStallEP
 .text.USBD_LL_IsStallEP
                0x08004dde       0x2e CMakeFiles/ProjectCV.elf.dir/USB_DEVICE/Target/usbd_conf.c.obj
                0x08004dde                USBD_LL_IsStallEP
 .text.USBD_LL_SetUSBAddress
                0x08004e0c       0x10 CMakeFiles/ProjectCV.elf.dir/USB_DEVICE/Target/usbd_conf.c.obj
                0x08004e0c                USBD_LL_SetUSBAddress
 .text.USBD_LL_Transmit
                0x08004e1c       0x10 CMakeFiles/ProjectCV.elf.dir/USB_DEVICE/Target/usbd_conf.c.obj
                0x08004e1c                USBD_LL_Transmit
 .text.USBD_LL_PrepareReceive
                0x08004e2c       0x10 CMakeFiles/ProjectCV.elf.dir/USB_DEVICE/Target/usbd_conf.c.obj
                0x08004e2c                USBD_LL_PrepareReceive
 .text.USBD_static_malloc
                0x08004e3c        0x8 CMakeFiles/ProjectCV.elf.dir/USB_DEVICE/Target/usbd_conf.c.obj
                0x08004e3c                USBD_static_malloc
 .text.USBD_static_free
                0x08004e44        0x2 CMakeFiles/ProjectCV.elf.dir/USB_DEVICE/Target/usbd_conf.c.obj
                0x08004e44                USBD_static_free
 .text.HAL_PCDEx_SetConnectionState
                0x08004e46        0x2 CMakeFiles/ProjectCV.elf.dir/USB_DEVICE/Target/usbd_conf.c.obj
                0x08004e46                HAL_PCDEx_SetConnectionState
 .text.__errno  0x08004e48        0xc e:/stmicroelectronics/gcc-arm-none-eabi-10.3-2021.10/bin/../lib/gcc/arm-none-eabi/10.3.1/../../../../arm-none-eabi/lib/thumb/v7-m/nofp\libg.a(lib_a-errno.o)
                0x08004e48                __errno
 .text.__libc_init_array
                0x08004e54       0x48 e:/stmicroelectronics/gcc-arm-none-eabi-10.3-2021.10/bin/../lib/gcc/arm-none-eabi/10.3.1/../../../../arm-none-eabi/lib/thumb/v7-m/nofp\libg.a(lib_a-init.o)
                0x08004e54                __libc_init_array
 .text.memset   0x08004e9c       0xa4 e:/stmicroelectronics/gcc-arm-none-eabi-10.3-2021.10/bin/../lib/gcc/arm-none-eabi/10.3.1/../../../../arm-none-eabi/lib/thumb/v7-m/nofp\libg.a(lib_a-memset.o)
                0x08004e9c                memset
 .text.printf   0x08004f40       0x28 e:/stmicroelectronics/gcc-arm-none-eabi-10.3-2021.10/bin/../lib/gcc/arm-none-eabi/10.3.1/../../../../arm-none-eabi/lib/thumb/v7-m/nofp\libg.a(lib_a-printf.o)
                0x08004f40                printf
 .text._vfprintf_r
                0x08004f68     0x1b58 e:/stmicroelectronics/gcc-arm-none-eabi-10.3-2021.10/bin/../lib/gcc/arm-none-eabi/10.3.1/../../../../arm-none-eabi/lib/thumb/v7-m/nofp\libg.a(lib_a-vfprintf.o)
                0x08004f68                _vfprintf_r
 .text.__sbprintf
                0x08006ac0       0x84 e:/stmicroelectronics/gcc-arm-none-eabi-10.3-2021.10/bin/../lib/gcc/arm-none-eabi/10.3.1/../../../../arm-none-eabi/lib/thumb/v7-m/nofp\libg.a(lib_a-vfprintf.o)
 .text.__swsetup_r
                0x08006b44       0xd4 e:/stmicroelectronics/gcc-arm-none-eabi-10.3-2021.10/bin/../lib/gcc/arm-none-eabi/10.3.1/../../../../arm-none-eabi/lib/thumb/v7-m/nofp\libg.a(lib_a-wsetup.o)
                0x08006b44                __swsetup_r
 .text.startup.register_fini
                0x08006c18       0x14 e:/stmicroelectronics/gcc-arm-none-eabi-10.3-2021.10/bin/../lib/gcc/arm-none-eabi/10.3.1/../../../../arm-none-eabi/lib/thumb/v7-m/nofp\libg.a(lib_a-__call_atexit.o)
 .text.atexit   0x08006c2c        0xc e:/stmicroelectronics/gcc-arm-none-eabi-10.3-2021.10/bin/../lib/gcc/arm-none-eabi/10.3.1/../../../../arm-none-eabi/lib/thumb/v7-m/nofp\libg.a(lib_a-atexit.o)
                0x08006c2c                atexit
 .text.quorem   0x08006c38      0x12c e:/stmicroelectronics/gcc-arm-none-eabi-10.3-2021.10/bin/../lib/gcc/arm-none-eabi/10.3.1/../../../../arm-none-eabi/lib/thumb/v7-m/nofp\libg.a(lib_a-dtoa.o)
 *fill*         0x08006d64        0x4 
 .text._dtoa_r  0x08006d68      0xecc e:/stmicroelectronics/gcc-arm-none-eabi-10.3-2021.10/bin/../lib/gcc/arm-none-eabi/10.3.1/../../../../arm-none-eabi/lib/thumb/v7-m/nofp\libg.a(lib_a-dtoa.o)
                0x08006d68                _dtoa_r
 .text.__sflush_r
                0x08007c34      0x124 e:/stmicroelectronics/gcc-arm-none-eabi-10.3-2021.10/bin/../lib/gcc/arm-none-eabi/10.3.1/../../../../arm-none-eabi/lib/thumb/v7-m/nofp\libg.a(lib_a-fflush.o)
                0x08007c34                __sflush_r
 .text._fflush_r
                0x08007d58       0x5c e:/stmicroelectronics/gcc-arm-none-eabi-10.3-2021.10/bin/../lib/gcc/arm-none-eabi/10.3.1/../../../../arm-none-eabi/lib/thumb/v7-m/nofp\libg.a(lib_a-fflush.o)
                0x08007d58                _fflush_r
 .text._cleanup_r
                0x08007db4        0xc e:/stmicroelectronics/gcc-arm-none-eabi-10.3-2021.10/bin/../lib/gcc/arm-none-eabi/10.3.1/../../../../arm-none-eabi/lib/thumb/v7-m/nofp\libg.a(lib_a-findfp.o)
                0x08007db4                _cleanup_r
 .text.__sinit  0x08007dc0      0x10c e:/stmicroelectronics/gcc-arm-none-eabi-10.3-2021.10/bin/../lib/gcc/arm-none-eabi/10.3.1/../../../../arm-none-eabi/lib/thumb/v7-m/nofp\libg.a(lib_a-findfp.o)
                0x08007dc0                __sinit
 .text.__sfp_lock_acquire
                0x08007ecc        0xc e:/stmicroelectronics/gcc-arm-none-eabi-10.3-2021.10/bin/../lib/gcc/arm-none-eabi/10.3.1/../../../../arm-none-eabi/lib/thumb/v7-m/nofp\libg.a(lib_a-findfp.o)
                0x08007ecc                __sfp_lock_acquire
 .text.__sfp_lock_release
                0x08007ed8        0xc e:/stmicroelectronics/gcc-arm-none-eabi-10.3-2021.10/bin/../lib/gcc/arm-none-eabi/10.3.1/../../../../arm-none-eabi/lib/thumb/v7-m/nofp\libg.a(lib_a-findfp.o)
                0x08007ed8                __sfp_lock_release
 .text.__libc_fini_array
                0x08007ee4       0x2c e:/stmicroelectronics/gcc-arm-none-eabi-10.3-2021.10/bin/../lib/gcc/arm-none-eabi/10.3.1/../../../../arm-none-eabi/lib/thumb/v7-m/nofp\libg.a(lib_a-fini.o)
                0x08007ee4                __libc_fini_array
 .text._malloc_trim_r
                0x08007f10       0xa0 e:/stmicroelectronics/gcc-arm-none-eabi-10.3-2021.10/bin/../lib/gcc/arm-none-eabi/10.3.1/../../../../arm-none-eabi/lib/thumb/v7-m/nofp\libg.a(lib_a-freer.o)
                0x08007f10                _malloc_trim_r
 .text._free_r  0x08007fb0      0x200 e:/stmicroelectronics/gcc-arm-none-eabi-10.3-2021.10/bin/../lib/gcc/arm-none-eabi/10.3.1/../../../../arm-none-eabi/lib/thumb/v7-m/nofp\libg.a(lib_a-freer.o)
                0x08007fb0                _free_r
 .text._fwalk_reent
                0x080081b0       0x48 e:/stmicroelectronics/gcc-arm-none-eabi-10.3-2021.10/bin/../lib/gcc/arm-none-eabi/10.3.1/../../../../arm-none-eabi/lib/thumb/v7-m/nofp\libg.a(lib_a-fwalk.o)
                0x080081b0                _fwalk_reent
 .text._localeconv_r
                0x080081f8        0x8 e:/stmicroelectronics/gcc-arm-none-eabi-10.3-2021.10/bin/../lib/gcc/arm-none-eabi/10.3.1/../../../../arm-none-eabi/lib/thumb/v7-m/nofp\libg.a(lib_a-localeconv.o)
                0x080081f8                _localeconv_r
 .text.__retarget_lock_init_recursive
                0x08008200        0x4 e:/stmicroelectronics/gcc-arm-none-eabi-10.3-2021.10/bin/../lib/gcc/arm-none-eabi/10.3.1/../../../../arm-none-eabi/lib/thumb/v7-m/nofp\libg.a(lib_a-lock.o)
                0x08008200                __retarget_lock_init_recursive
 .text.__retarget_lock_close_recursive
                0x08008204        0x4 e:/stmicroelectronics/gcc-arm-none-eabi-10.3-2021.10/bin/../lib/gcc/arm-none-eabi/10.3.1/../../../../arm-none-eabi/lib/thumb/v7-m/nofp\libg.a(lib_a-lock.o)
                0x08008204                __retarget_lock_close_recursive
 .text.__retarget_lock_acquire_recursive
                0x08008208        0x4 e:/stmicroelectronics/gcc-arm-none-eabi-10.3-2021.10/bin/../lib/gcc/arm-none-eabi/10.3.1/../../../../arm-none-eabi/lib/thumb/v7-m/nofp\libg.a(lib_a-lock.o)
                0x08008208                __retarget_lock_acquire_recursive
 .text.__retarget_lock_release_recursive
                0x0800820c        0x4 e:/stmicroelectronics/gcc-arm-none-eabi-10.3-2021.10/bin/../lib/gcc/arm-none-eabi/10.3.1/../../../../arm-none-eabi/lib/thumb/v7-m/nofp\libg.a(lib_a-lock.o)
                0x0800820c                __retarget_lock_release_recursive
 .text.__smakebuf_r
                0x08008210       0xe0 e:/stmicroelectronics/gcc-arm-none-eabi-10.3-2021.10/bin/../lib/gcc/arm-none-eabi/10.3.1/../../../../arm-none-eabi/lib/thumb/v7-m/nofp\libg.a(lib_a-makebuf.o)
                0x08008210                __smakebuf_r
 .text._malloc_r
                0x080082f0      0x558 e:/stmicroelectronics/gcc-arm-none-eabi-10.3-2021.10/bin/../lib/gcc/arm-none-eabi/10.3.1/../../../../arm-none-eabi/lib/thumb/v7-m/nofp\libg.a(lib_a-mallocr.o)
                0x080082f0                _malloc_r
 .text.memchr   0x08008848       0x90 e:/stmicroelectronics/gcc-arm-none-eabi-10.3-2021.10/bin/../lib/gcc/arm-none-eabi/10.3.1/../../../../arm-none-eabi/lib/thumb/v7-m/nofp\libg.a(lib_a-memchr-stub.o)
                0x08008848                memchr
 .text.__malloc_lock
                0x080088d8        0xc e:/stmicroelectronics/gcc-arm-none-eabi-10.3-2021.10/bin/../lib/gcc/arm-none-eabi/10.3.1/../../../../arm-none-eabi/lib/thumb/v7-m/nofp\libg.a(lib_a-mlock.o)
                0x080088d8                __malloc_lock
 .text.__malloc_unlock
                0x080088e4        0xc e:/stmicroelectronics/gcc-arm-none-eabi-10.3-2021.10/bin/../lib/gcc/arm-none-eabi/10.3.1/../../../../arm-none-eabi/lib/thumb/v7-m/nofp\libg.a(lib_a-mlock.o)
                0x080088e4                __malloc_unlock
 .text._Balloc  0x080088f0       0x4c e:/stmicroelectronics/gcc-arm-none-eabi-10.3-2021.10/bin/../lib/gcc/arm-none-eabi/10.3.1/../../../../arm-none-eabi/lib/thumb/v7-m/nofp\libg.a(lib_a-mprec.o)
                0x080088f0                _Balloc
 .text._Bfree   0x0800893c       0x14 e:/stmicroelectronics/gcc-arm-none-eabi-10.3-2021.10/bin/../lib/gcc/arm-none-eabi/10.3.1/../../../../arm-none-eabi/lib/thumb/v7-m/nofp\libg.a(lib_a-mprec.o)
                0x0800893c                _Bfree
 .text.__multadd
                0x08008950       0xa4 e:/stmicroelectronics/gcc-arm-none-eabi-10.3-2021.10/bin/../lib/gcc/arm-none-eabi/10.3.1/../../../../arm-none-eabi/lib/thumb/v7-m/nofp\libg.a(lib_a-mprec.o)
                0x08008950                __multadd
 .text.__hi0bits
                0x080089f4       0x40 e:/stmicroelectronics/gcc-arm-none-eabi-10.3-2021.10/bin/../lib/gcc/arm-none-eabi/10.3.1/../../../../arm-none-eabi/lib/thumb/v7-m/nofp\libg.a(lib_a-mprec.o)
                0x080089f4                __hi0bits
 .text.__lo0bits
                0x08008a34       0x58 e:/stmicroelectronics/gcc-arm-none-eabi-10.3-2021.10/bin/../lib/gcc/arm-none-eabi/10.3.1/../../../../arm-none-eabi/lib/thumb/v7-m/nofp\libg.a(lib_a-mprec.o)
                0x08008a34                __lo0bits
 .text.__i2b    0x08008a8c       0x5c e:/stmicroelectronics/gcc-arm-none-eabi-10.3-2021.10/bin/../lib/gcc/arm-none-eabi/10.3.1/../../../../arm-none-eabi/lib/thumb/v7-m/nofp\libg.a(lib_a-mprec.o)
                0x08008a8c                __i2b
 .text.__multiply
                0x08008ae8      0x15c e:/stmicroelectronics/gcc-arm-none-eabi-10.3-2021.10/bin/../lib/gcc/arm-none-eabi/10.3.1/../../../../arm-none-eabi/lib/thumb/v7-m/nofp\libg.a(lib_a-mprec.o)
                0x08008ae8                __multiply
 .text.__pow5mult
                0x08008c44       0xb8 e:/stmicroelectronics/gcc-arm-none-eabi-10.3-2021.10/bin/../lib/gcc/arm-none-eabi/10.3.1/../../../../arm-none-eabi/lib/thumb/v7-m/nofp\libg.a(lib_a-mprec.o)
                0x08008c44                __pow5mult
 .text.__lshift
                0x08008cfc       0xec e:/stmicroelectronics/gcc-arm-none-eabi-10.3-2021.10/bin/../lib/gcc/arm-none-eabi/10.3.1/../../../../arm-none-eabi/lib/thumb/v7-m/nofp\libg.a(lib_a-mprec.o)
                0x08008cfc                __lshift
 .text.__mcmp   0x08008de8       0x40 e:/stmicroelectronics/gcc-arm-none-eabi-10.3-2021.10/bin/../lib/gcc/arm-none-eabi/10.3.1/../../../../arm-none-eabi/lib/thumb/v7-m/nofp\libg.a(lib_a-mprec.o)
                0x08008de8                __mcmp
 .text.__mdiff  0x08008e28      0x14c e:/stmicroelectronics/gcc-arm-none-eabi-10.3-2021.10/bin/../lib/gcc/arm-none-eabi/10.3.1/../../../../arm-none-eabi/lib/thumb/v7-m/nofp\libg.a(lib_a-mprec.o)
                0x08008e28                __mdiff
 .text.__d2b    0x08008f74       0xc4 e:/stmicroelectronics/gcc-arm-none-eabi-10.3-2021.10/bin/../lib/gcc/arm-none-eabi/10.3.1/../../../../arm-none-eabi/lib/thumb/v7-m/nofp\libg.a(lib_a-mprec.o)
                0x08008f74                __d2b
 .text.frexp    0x08009038       0x70 e:/stmicroelectronics/gcc-arm-none-eabi-10.3-2021.10/bin/../lib/gcc/arm-none-eabi/10.3.1/../../../../arm-none-eabi/lib/thumb/v7-m/nofp\libg.a(lib_a-s_frexp.o)
                0x08009038                frexp
 .text._sbrk_r  0x080090a8       0x24 e:/stmicroelectronics/gcc-arm-none-eabi-10.3-2021.10/bin/../lib/gcc/arm-none-eabi/10.3.1/../../../../arm-none-eabi/lib/thumb/v7-m/nofp\libg.a(lib_a-sbrkr.o)
                0x080090a8                _sbrk_r
 .text.__sread  0x080090cc       0x24 e:/stmicroelectronics/gcc-arm-none-eabi-10.3-2021.10/bin/../lib/gcc/arm-none-eabi/10.3.1/../../../../arm-none-eabi/lib/thumb/v7-m/nofp\libg.a(lib_a-stdio.o)
                0x080090cc                __sread
 .text.__swrite
                0x080090f0       0x40 e:/stmicroelectronics/gcc-arm-none-eabi-10.3-2021.10/bin/../lib/gcc/arm-none-eabi/10.3.1/../../../../arm-none-eabi/lib/thumb/v7-m/nofp\libg.a(lib_a-stdio.o)
                0x080090f0                __swrite
 .text.__sseek  0x08009130       0x20 e:/stmicroelectronics/gcc-arm-none-eabi-10.3-2021.10/bin/../lib/gcc/arm-none-eabi/10.3.1/../../../../arm-none-eabi/lib/thumb/v7-m/nofp\libg.a(lib_a-stdio.o)
                0x08009130                __sseek
 .text.__sclose
                0x08009150        0x8 e:/stmicroelectronics/gcc-arm-none-eabi-10.3-2021.10/bin/../lib/gcc/arm-none-eabi/10.3.1/../../../../arm-none-eabi/lib/thumb/v7-m/nofp\libg.a(lib_a-stdio.o)
                0x08009150                __sclose
 .text.strlen   0x08009158       0x5c e:/stmicroelectronics/gcc-arm-none-eabi-10.3-2021.10/bin/../lib/gcc/arm-none-eabi/10.3.1/../../../../arm-none-eabi/lib/thumb/v7-m/nofp\libg.a(lib_a-strlen-stub.o)
                0x08009158                strlen
 .text.strncpy  0x080091b4       0x68 e:/stmicroelectronics/gcc-arm-none-eabi-10.3-2021.10/bin/../lib/gcc/arm-none-eabi/10.3.1/../../../../arm-none-eabi/lib/thumb/v7-m/nofp\libg.a(lib_a-strncpy.o)
                0x080091b4                strncpy
 .text.__sprint_r.part.0
                0x0800921c       0x78 e:/stmicroelectronics/gcc-arm-none-eabi-10.3-2021.10/bin/../lib/gcc/arm-none-eabi/10.3.1/../../../../arm-none-eabi/lib/thumb/v7-m/nofp\libg.a(lib_a-vfiprintf.o)
 .text.__sprint_r
                0x08009294       0x14 e:/stmicroelectronics/gcc-arm-none-eabi-10.3-2021.10/bin/../lib/gcc/arm-none-eabi/10.3.1/../../../../arm-none-eabi/lib/thumb/v7-m/nofp\libg.a(lib_a-vfiprintf.o)
                0x08009294                __sprint_r
 .text._vfiprintf_r
                0x080092a8      0xd98 e:/stmicroelectronics/gcc-arm-none-eabi-10.3-2021.10/bin/../lib/gcc/arm-none-eabi/10.3.1/../../../../arm-none-eabi/lib/thumb/v7-m/nofp\libg.a(lib_a-vfiprintf.o)
                0x080092a8                _vfiprintf_r
 .text.__sbprintf
                0x0800a040       0x84 e:/stmicroelectronics/gcc-arm-none-eabi-10.3-2021.10/bin/../lib/gcc/arm-none-eabi/10.3.1/../../../../arm-none-eabi/lib/thumb/v7-m/nofp\libg.a(lib_a-vfiprintf.o)
 .text._write_r
                0x0800a0c4       0x2c e:/stmicroelectronics/gcc-arm-none-eabi-10.3-2021.10/bin/../lib/gcc/arm-none-eabi/10.3.1/../../../../arm-none-eabi/lib/thumb/v7-m/nofp\libg.a(lib_a-writer.o)
                0x0800a0c4                _write_r
 .text.__register_exitproc
                0x0800a0f0       0x8c e:/stmicroelectronics/gcc-arm-none-eabi-10.3-2021.10/bin/../lib/gcc/arm-none-eabi/10.3.1/../../../../arm-none-eabi/lib/thumb/v7-m/nofp\libg.a(lib_a-__atexit.o)
                0x0800a0f0                __register_exitproc
 .text.__assert_func
                0x0800a17c       0x40 e:/stmicroelectronics/gcc-arm-none-eabi-10.3-2021.10/bin/../lib/gcc/arm-none-eabi/10.3.1/../../../../arm-none-eabi/lib/thumb/v7-m/nofp\libg.a(lib_a-assert.o)
                0x0800a17c                __assert_func
 .text._calloc_r
                0x0800a1bc       0x78 e:/stmicroelectronics/gcc-arm-none-eabi-10.3-2021.10/bin/../lib/gcc/arm-none-eabi/10.3.1/../../../../arm-none-eabi/lib/thumb/v7-m/nofp\libg.a(lib_a-callocr.o)
                0x0800a1bc                _calloc_r
 .text._close_r
                0x0800a234       0x24 e:/stmicroelectronics/gcc-arm-none-eabi-10.3-2021.10/bin/../lib/gcc/arm-none-eabi/10.3.1/../../../../arm-none-eabi/lib/thumb/v7-m/nofp\libg.a(lib_a-closer.o)
                0x0800a234                _close_r
 .text._fclose_r
                0x0800a258       0xcc e:/stmicroelectronics/gcc-arm-none-eabi-10.3-2021.10/bin/../lib/gcc/arm-none-eabi/10.3.1/../../../../arm-none-eabi/lib/thumb/v7-m/nofp\libg.a(lib_a-fclose.o)
                0x0800a258                _fclose_r
 .text.fiprintf
                0x0800a324       0x28 e:/stmicroelectronics/gcc-arm-none-eabi-10.3-2021.10/bin/../lib/gcc/arm-none-eabi/10.3.1/../../../../arm-none-eabi/lib/thumb/v7-m/nofp\libg.a(lib_a-fiprintf.o)
                0x0800a324                fiprintf
 .text.__fputwc
                0x0800a34c       0xa0 e:/stmicroelectronics/gcc-arm-none-eabi-10.3-2021.10/bin/../lib/gcc/arm-none-eabi/10.3.1/../../../../arm-none-eabi/lib/thumb/v7-m/nofp\libg.a(lib_a-fputwc.o)
                0x0800a34c                __fputwc
 .text._fputwc_r
                0x0800a3ec       0x68 e:/stmicroelectronics/gcc-arm-none-eabi-10.3-2021.10/bin/../lib/gcc/arm-none-eabi/10.3.1/../../../../arm-none-eabi/lib/thumb/v7-m/nofp\libg.a(lib_a-fputwc.o)
                0x0800a3ec                _fputwc_r
 .text._fstat_r
                0x0800a454       0x28 e:/stmicroelectronics/gcc-arm-none-eabi-10.3-2021.10/bin/../lib/gcc/arm-none-eabi/10.3.1/../../../../arm-none-eabi/lib/thumb/v7-m/nofp\libg.a(lib_a-fstatr.o)
                0x0800a454                _fstat_r
 .text.__sfvwrite_r
                0x0800a47c      0x2f0 e:/stmicroelectronics/gcc-arm-none-eabi-10.3-2021.10/bin/../lib/gcc/arm-none-eabi/10.3.1/../../../../arm-none-eabi/lib/thumb/v7-m/nofp\libg.a(lib_a-fvwrite.o)
                0x0800a47c                __sfvwrite_r
 .text._isatty_r
                0x0800a76c       0x24 e:/stmicroelectronics/gcc-arm-none-eabi-10.3-2021.10/bin/../lib/gcc/arm-none-eabi/10.3.1/../../../../arm-none-eabi/lib/thumb/v7-m/nofp\libg.a(lib_a-isattyr.o)
                0x0800a76c                _isatty_r
 .text.__locale_mb_cur_max
                0x0800a790        0xc e:/stmicroelectronics/gcc-arm-none-eabi-10.3-2021.10/bin/../lib/gcc/arm-none-eabi/10.3.1/../../../../arm-none-eabi/lib/thumb/v7-m/nofp\libg.a(lib_a-locale.o)
                0x0800a790                __locale_mb_cur_max
 .text._lseek_r
                0x0800a79c       0x2c e:/stmicroelectronics/gcc-arm-none-eabi-10.3-2021.10/bin/../lib/gcc/arm-none-eabi/10.3.1/../../../../arm-none-eabi/lib/thumb/v7-m/nofp\libg.a(lib_a-lseekr.o)
                0x0800a79c                _lseek_r
 .text.__ascii_mbtowc
                0x0800a7c8       0x2c e:/stmicroelectronics/gcc-arm-none-eabi-10.3-2021.10/bin/../lib/gcc/arm-none-eabi/10.3.1/../../../../arm-none-eabi/lib/thumb/v7-m/nofp\libg.a(lib_a-mbtowc_r.o)
                0x0800a7c8                __ascii_mbtowc
 .text.memmove  0x0800a7f4       0xf8 e:/stmicroelectronics/gcc-arm-none-eabi-10.3-2021.10/bin/../lib/gcc/arm-none-eabi/10.3.1/../../../../arm-none-eabi/lib/thumb/v7-m/nofp\libg.a(lib_a-memmove.o)
                0x0800a7f4                memmove
 .text._read_r  0x0800a8ec       0x2c e:/stmicroelectronics/gcc-arm-none-eabi-10.3-2021.10/bin/../lib/gcc/arm-none-eabi/10.3.1/../../../../arm-none-eabi/lib/thumb/v7-m/nofp\libg.a(lib_a-readr.o)
                0x0800a8ec                _read_r
 .text._realloc_r
                0x0800a918      0x3dc e:/stmicroelectronics/gcc-arm-none-eabi-10.3-2021.10/bin/../lib/gcc/arm-none-eabi/10.3.1/../../../../arm-none-eabi/lib/thumb/v7-m/nofp\libg.a(lib_a-reallocr.o)
                0x0800a918                _realloc_r
 .text.__swbuf_r
                0x0800acf4       0xb0 e:/stmicroelectronics/gcc-arm-none-eabi-10.3-2021.10/bin/../lib/gcc/arm-none-eabi/10.3.1/../../../../arm-none-eabi/lib/thumb/v7-m/nofp\libg.a(lib_a-wbuf.o)
                0x0800acf4                __swbuf_r
 .text._wcrtomb_r
                0x0800ada4       0x3c e:/stmicroelectronics/gcc-arm-none-eabi-10.3-2021.10/bin/../lib/gcc/arm-none-eabi/10.3.1/../../../../arm-none-eabi/lib/thumb/v7-m/nofp\libg.a(lib_a-wcrtomb.o)
                0x0800ada4                _wcrtomb_r
 .text.__ascii_wctomb
                0x0800ade0       0x1c e:/stmicroelectronics/gcc-arm-none-eabi-10.3-2021.10/bin/../lib/gcc/arm-none-eabi/10.3.1/../../../../arm-none-eabi/lib/thumb/v7-m/nofp\libg.a(lib_a-wctomb_r.o)
                0x0800ade0                __ascii_wctomb
 .text.abort    0x0800adfc       0x10 e:/stmicroelectronics/gcc-arm-none-eabi-10.3-2021.10/bin/../lib/gcc/arm-none-eabi/10.3.1/../../../../arm-none-eabi/lib/thumb/v7-m/nofp\libg.a(lib_a-abort.o)
                0x0800adfc                abort
 .text.raise    0x0800ae0c       0x5c e:/stmicroelectronics/gcc-arm-none-eabi-10.3-2021.10/bin/../lib/gcc/arm-none-eabi/10.3.1/../../../../arm-none-eabi/lib/thumb/v7-m/nofp\libg.a(lib_a-signal.o)
                0x0800ae0c                raise
 .text._kill_r  0x0800ae68       0x28 e:/stmicroelectronics/gcc-arm-none-eabi-10.3-2021.10/bin/../lib/gcc/arm-none-eabi/10.3.1/../../../../arm-none-eabi/lib/thumb/v7-m/nofp\libg.a(lib_a-signalr.o)
                0x0800ae68                _kill_r
 .text._getpid_r
                0x0800ae90        0x4 e:/stmicroelectronics/gcc-arm-none-eabi-10.3-2021.10/bin/../lib/gcc/arm-none-eabi/10.3.1/../../../../arm-none-eabi/lib/thumb/v7-m/nofp\libg.a(lib_a-signalr.o)
                0x0800ae90                _getpid_r
 *(.glue_7)
 .glue_7        0x0800ae94        0x0 linker stubs
 *(.glue_7t)
 .glue_7t       0x0800ae94        0x0 linker stubs
 *(.eh_frame)
 .eh_frame      0x0800ae94        0x0 e:/stmicroelectronics/gcc-arm-none-eabi-10.3-2021.10/bin/../lib/gcc/arm-none-eabi/10.3.1/thumb/v7-m/nofp/crtbegin.o
 *(.init)
 .init          0x0800ae94        0x4 e:/stmicroelectronics/gcc-arm-none-eabi-10.3-2021.10/bin/../lib/gcc/arm-none-eabi/10.3.1/thumb/v7-m/nofp/crti.o
                0x0800ae94                _init
 .init          0x0800ae98        0x8 e:/stmicroelectronics/gcc-arm-none-eabi-10.3-2021.10/bin/../lib/gcc/arm-none-eabi/10.3.1/thumb/v7-m/nofp/crtn.o
 *(.fini)
 .fini          0x0800aea0        0x4 e:/stmicroelectronics/gcc-arm-none-eabi-10.3-2021.10/bin/../lib/gcc/arm-none-eabi/10.3.1/thumb/v7-m/nofp/crti.o
                0x0800aea0                _fini
 .fini          0x0800aea4        0x8 e:/stmicroelectronics/gcc-arm-none-eabi-10.3-2021.10/bin/../lib/gcc/arm-none-eabi/10.3.1/thumb/v7-m/nofp/crtn.o
                0x0800aeac                . = ALIGN (0x4)
                0x0800aeac                _etext = .

.vfp11_veneer   0x0800aeac        0x0
 .vfp11_veneer  0x0800aeac        0x0 linker stubs

.v4_bx          0x0800aeac        0x0
 .v4_bx         0x0800aeac        0x0 linker stubs

.iplt           0x0800aeac        0x0
 .iplt          0x0800aeac        0x0 e:/stmicroelectronics/gcc-arm-none-eabi-10.3-2021.10/bin/../lib/gcc/arm-none-eabi/10.3.1/thumb/v7-m/nofp/crtbegin.o

.rodata         0x0800aeb0      0x480
                0x0800aeb0                . = ALIGN (0x4)
 *(.rodata)
 .rodata        0x0800aeb0        0x8 CMakeFiles/ProjectCV.elf.dir/Core/Src/main.c.obj
 *(.rodata*)
 .rodata.main.str1.4
                0x0800aeb8        0x4 CMakeFiles/ProjectCV.elf.dir/Core/Src/main.c.obj
 .rodata.AHBPrescTable
                0x0800aebc       0x10 CMakeFiles/ProjectCV.elf.dir/Core/Src/system_stm32f1xx.c.obj
                0x0800aebc                AHBPrescTable
 .rodata.APBPrescTable
                0x0800aecc        0x8 CMakeFiles/ProjectCV.elf.dir/Core/Src/system_stm32f1xx.c.obj
                0x0800aecc                APBPrescTable
 .rodata.HAL_RCC_GetSysClockFreq.str1.4
                0x0800aed4       0x11 CMakeFiles/ProjectCV.elf.dir/Drivers/STM32F1xx_HAL_Driver/Src/stm32f1xx_hal_rcc.c.obj
 *fill*         0x0800aee5        0x3 
 .rodata.USBD_FS_ProductStrDescriptor.str1.4
                0x0800aee8       0x13 CMakeFiles/ProjectCV.elf.dir/USB_DEVICE/App/usbd_desc.c.obj
 *fill*         0x0800aefb        0x1 
 .rodata.USBD_FS_ManufacturerStrDescriptor.str1.4
                0x0800aefc        0xa CMakeFiles/ProjectCV.elf.dir/USB_DEVICE/App/usbd_desc.c.obj
 *fill*         0x0800af06        0x2 
 .rodata.USBD_FS_ConfigStrDescriptor.str1.4
                0x0800af08       0x12 CMakeFiles/ProjectCV.elf.dir/USB_DEVICE/App/usbd_desc.c.obj
 *fill*         0x0800af1a        0x2 
 .rodata.USBD_FS_InterfaceStrDescriptor.str1.4
                0x0800af1c       0x15 CMakeFiles/ProjectCV.elf.dir/USB_DEVICE/App/usbd_desc.c.obj
 *fill*         0x0800af31        0x3 
 .rodata._global_impure_ptr
                0x0800af34        0x4 e:/stmicroelectronics/gcc-arm-none-eabi-10.3-2021.10/bin/../lib/gcc/arm-none-eabi/10.3.1/../../../../arm-none-eabi/lib/thumb/v7-m/nofp\libg.a(lib_a-impure.o)
                0x0800af34                _global_impure_ptr
 .rodata._vfprintf_r.str1.4
                0x0800af38       0x42 e:/stmicroelectronics/gcc-arm-none-eabi-10.3-2021.10/bin/../lib/gcc/arm-none-eabi/10.3.1/../../../../arm-none-eabi/lib/thumb/v7-m/nofp\libg.a(lib_a-vfprintf.o)
 *fill*         0x0800af7a        0x2 
 .rodata.blanks.1
                0x0800af7c       0x10 e:/stmicroelectronics/gcc-arm-none-eabi-10.3-2021.10/bin/../lib/gcc/arm-none-eabi/10.3.1/../../../../arm-none-eabi/lib/thumb/v7-m/nofp\libg.a(lib_a-vfprintf.o)
 .rodata.zeroes.0
                0x0800af8c       0x10 e:/stmicroelectronics/gcc-arm-none-eabi-10.3-2021.10/bin/../lib/gcc/arm-none-eabi/10.3.1/../../../../arm-none-eabi/lib/thumb/v7-m/nofp\libg.a(lib_a-vfprintf.o)
 .rodata._dtoa_r.str1.4
                0x0800af9c       0xa2 e:/stmicroelectronics/gcc-arm-none-eabi-10.3-2021.10/bin/../lib/gcc/arm-none-eabi/10.3.1/../../../../arm-none-eabi/lib/thumb/v7-m/nofp\libg.a(lib_a-dtoa.o)
                                 0xa6 (size before relaxing)
 *fill*         0x0800b03e        0x2 
 .rodata.__multadd.str1.4
                0x0800b040       0x7f e:/stmicroelectronics/gcc-arm-none-eabi-10.3-2021.10/bin/../lib/gcc/arm-none-eabi/10.3.1/../../../../arm-none-eabi/lib/thumb/v7-m/nofp\libg.a(lib_a-mprec.o)
                                 0x93 (size before relaxing)
 *fill*         0x0800b0bf        0x1 
 .rodata.__mprec_bigtens
                0x0800b0c0       0x28 e:/stmicroelectronics/gcc-arm-none-eabi-10.3-2021.10/bin/../lib/gcc/arm-none-eabi/10.3.1/../../../../arm-none-eabi/lib/thumb/v7-m/nofp\libg.a(lib_a-mprec.o)
                0x0800b0c0                __mprec_bigtens
 .rodata.__mprec_tens
                0x0800b0e8       0xc8 e:/stmicroelectronics/gcc-arm-none-eabi-10.3-2021.10/bin/../lib/gcc/arm-none-eabi/10.3.1/../../../../arm-none-eabi/lib/thumb/v7-m/nofp\libg.a(lib_a-mprec.o)
                0x0800b0e8                __mprec_tens
 .rodata.p05.0  0x0800b1b0        0xc e:/stmicroelectronics/gcc-arm-none-eabi-10.3-2021.10/bin/../lib/gcc/arm-none-eabi/10.3.1/../../../../arm-none-eabi/lib/thumb/v7-m/nofp\libg.a(lib_a-mprec.o)
 .rodata._vfiprintf_r.str1.4
                0x0800b1bc       0x2f e:/stmicroelectronics/gcc-arm-none-eabi-10.3-2021.10/bin/../lib/gcc/arm-none-eabi/10.3.1/../../../../arm-none-eabi/lib/thumb/v7-m/nofp\libg.a(lib_a-vfiprintf.o)
 .rodata.blanks.1
                0x0800b1bc       0x10 e:/stmicroelectronics/gcc-arm-none-eabi-10.3-2021.10/bin/../lib/gcc/arm-none-eabi/10.3.1/../../../../arm-none-eabi/lib/thumb/v7-m/nofp\libg.a(lib_a-vfiprintf.o)
 .rodata.zeroes.0
                0x0800b1cc       0x10 e:/stmicroelectronics/gcc-arm-none-eabi-10.3-2021.10/bin/../lib/gcc/arm-none-eabi/10.3.1/../../../../arm-none-eabi/lib/thumb/v7-m/nofp\libg.a(lib_a-vfiprintf.o)
 .rodata.__assert_func.str1.4
                0x0800b1dc       0x3f e:/stmicroelectronics/gcc-arm-none-eabi-10.3-2021.10/bin/../lib/gcc/arm-none-eabi/10.3.1/../../../../arm-none-eabi/lib/thumb/v7-m/nofp\libg.a(lib_a-assert.o)
                                 0x43 (size before relaxing)
 *fill*         0x0800b21b        0x1 
 .rodata._setlocale_r.str1.4
                0x0800b21c        0xa e:/stmicroelectronics/gcc-arm-none-eabi-10.3-2021.10/bin/../lib/gcc/arm-none-eabi/10.3.1/../../../../arm-none-eabi/lib/thumb/v7-m/nofp\libg.a(lib_a-locale.o)
                                  0xd (size before relaxing)
 *fill*         0x0800b226        0x2 
 .rodata.str1.4
                0x0800b228        0x2 e:/stmicroelectronics/gcc-arm-none-eabi-10.3-2021.10/bin/../lib/gcc/arm-none-eabi/10.3.1/../../../../arm-none-eabi/lib/thumb/v7-m/nofp\libg.a(lib_a-locale.o)
 *fill*         0x0800b22a        0x2 
 .rodata._ctype_
                0x0800b22c      0x101 e:/stmicroelectronics/gcc-arm-none-eabi-10.3-2021.10/bin/../lib/gcc/arm-none-eabi/10.3.1/../../../../arm-none-eabi/lib/thumb/v7-m/nofp\libg.a(lib_a-ctype_.o)
                0x0800b22c                _ctype_
                0x0800b330                . = ALIGN (0x4)
 *fill*         0x0800b32d        0x3 

.ARM.extab      0x0800b330        0x0
                0x0800b330                . = ALIGN (0x4)
 *(.ARM.extab* .gnu.linkonce.armextab.*)
                0x0800b330                . = ALIGN (0x4)

.ARM            0x0800b330        0x8
                0x0800b330                . = ALIGN (0x4)
                0x0800b330                __exidx_start = .
 *(.ARM.exidx*)
 .ARM.exidx     0x0800b330        0x8 e:/stmicroelectronics/gcc-arm-none-eabi-10.3-2021.10/bin/../lib/gcc/arm-none-eabi/10.3.1/thumb/v7-m/nofp\libgcc.a(_udivmoddi4.o)
                0x0800b338                __exidx_end = .
                0x0800b338                . = ALIGN (0x4)

.rel.dyn        0x0800b338        0x0
 .rel.iplt      0x0800b338        0x0 e:/stmicroelectronics/gcc-arm-none-eabi-10.3-2021.10/bin/../lib/gcc/arm-none-eabi/10.3.1/thumb/v7-m/nofp/crtbegin.o

.preinit_array  0x0800b338        0x0
                0x0800b338                . = ALIGN (0x4)
                0x0800b338                PROVIDE (__preinit_array_start = .)
 *(.preinit_array*)
                0x0800b338                PROVIDE (__preinit_array_end = .)
                0x0800b338                . = ALIGN (0x4)

.init_array     0x0800b338        0x8
                0x0800b338                . = ALIGN (0x4)
                0x0800b338                PROVIDE (__init_array_start = .)
 *(SORT_BY_NAME(.init_array.*))
 .init_array.00000
                0x0800b338        0x4 e:/stmicroelectronics/gcc-arm-none-eabi-10.3-2021.10/bin/../lib/gcc/arm-none-eabi/10.3.1/../../../../arm-none-eabi/lib/thumb/v7-m/nofp\libg.a(lib_a-__call_atexit.o)
 *(.init_array*)
 .init_array    0x0800b33c        0x4 e:/stmicroelectronics/gcc-arm-none-eabi-10.3-2021.10/bin/../lib/gcc/arm-none-eabi/10.3.1/thumb/v7-m/nofp/crtbegin.o
                0x0800b340                PROVIDE (__init_array_end = .)
                0x0800b340                . = ALIGN (0x4)

.fini_array     0x0800b340        0x4
                0x0800b340                . = ALIGN (0x4)
                0x0800b340                PROVIDE (__fini_array_start = .)
 *(SORT_BY_NAME(.fini_array.*))
 *(.fini_array*)
 .fini_array    0x0800b340        0x4 e:/stmicroelectronics/gcc-arm-none-eabi-10.3-2021.10/bin/../lib/gcc/arm-none-eabi/10.3.1/thumb/v7-m/nofp/crtbegin.o
                0x0800b344                PROVIDE (__fini_array_end = .)
                0x0800b344                . = ALIGN (0x4)
                0x0800b344                _sidata = LOADADDR (.data)

.data           0x20000000      0xaf0 load address 0x0800b344
                0x20000000                . = ALIGN (0x4)
                0x20000000                _sdata = .
 *(.data)
 *(.data*)
 .data.SystemCoreClock
                0x20000000        0x4 CMakeFiles/ProjectCV.elf.dir/Core/Src/system_stm32f1xx.c.obj
                0x20000000                SystemCoreClock
 .data.uwTickFreq
                0x20000004        0x1 CMakeFiles/ProjectCV.elf.dir/Drivers/STM32F1xx_HAL_Driver/Src/stm32f1xx_hal.c.obj
                0x20000004                uwTickFreq
 *fill*         0x20000005        0x3 
 .data.uwTickPrio
                0x20000008        0x4 CMakeFiles/ProjectCV.elf.dir/Drivers/STM32F1xx_HAL_Driver/Src/stm32f1xx_hal.c.obj
                0x20000008                uwTickPrio
 .data.USBD_CUSTOM_HID
                0x2000000c       0x38 CMakeFiles/ProjectCV.elf.dir/Middlewares/ST/STM32_USB_Device_Library/Class/CustomHID/Src/usbd_customhid.c.obj
                0x2000000c                USBD_CUSTOM_HID
 .data.USBD_CUSTOM_HID_CfgFSDesc
                0x20000044       0x29 CMakeFiles/ProjectCV.elf.dir/Middlewares/ST/STM32_USB_Device_Library/Class/CustomHID/Src/usbd_customhid.c.obj
 *fill*         0x2000006d        0x3 
 .data.USBD_CUSTOM_HID_CfgHSDesc
                0x20000070       0x29 CMakeFiles/ProjectCV.elf.dir/Middlewares/ST/STM32_USB_Device_Library/Class/CustomHID/Src/usbd_customhid.c.obj
 *fill*         0x20000099        0x3 
 .data.USBD_CUSTOM_HID_Desc
                0x2000009c        0x9 CMakeFiles/ProjectCV.elf.dir/Middlewares/ST/STM32_USB_Device_Library/Class/CustomHID/Src/usbd_customhid.c.obj
 *fill*         0x200000a5        0x3 
 .data.USBD_CUSTOM_HID_DeviceQualifierDesc
                0x200000a8        0xa CMakeFiles/ProjectCV.elf.dir/Middlewares/ST/STM32_USB_Device_Library/Class/CustomHID/Src/usbd_customhid.c.obj
 *fill*         0x200000b2        0x2 
 .data.USBD_CUSTOM_HID_OtherSpeedCfgDesc
                0x200000b4       0x29 CMakeFiles/ProjectCV.elf.dir/Middlewares/ST/STM32_USB_Device_Library/Class/CustomHID/Src/usbd_customhid.c.obj
 *fill*         0x200000dd        0x3 
 .data.CUSTOM_HID_ReportDesc_FS
                0x200000e0        0x2 CMakeFiles/ProjectCV.elf.dir/USB_DEVICE/App/usbd_custom_hid_if.c.obj
 *fill*         0x200000e2        0x2 
 .data.USBD_CustomHID_fops_FS
                0x200000e4       0x10 CMakeFiles/ProjectCV.elf.dir/USB_DEVICE/App/usbd_custom_hid_if.c.obj
                0x200000e4                USBD_CustomHID_fops_FS
 .data.FS_Desc  0x200000f4       0x1c CMakeFiles/ProjectCV.elf.dir/USB_DEVICE/App/usbd_desc.c.obj
                0x200000f4                FS_Desc
 .data.USBD_FS_DeviceDesc
                0x20000110       0x12 CMakeFiles/ProjectCV.elf.dir/USB_DEVICE/App/usbd_desc.c.obj
                0x20000110                USBD_FS_DeviceDesc
 *fill*         0x20000122        0x2 
 .data.USBD_LangIDDesc
                0x20000124        0x4 CMakeFiles/ProjectCV.elf.dir/USB_DEVICE/App/usbd_desc.c.obj
                0x20000124                USBD_LangIDDesc
 .data.USBD_StringSerial
                0x20000128       0x1a CMakeFiles/ProjectCV.elf.dir/USB_DEVICE/App/usbd_desc.c.obj
                0x20000128                USBD_StringSerial
 *fill*         0x20000142        0x2 
 .data._impure_ptr
                0x20000144        0x4 e:/stmicroelectronics/gcc-arm-none-eabi-10.3-2021.10/bin/../lib/gcc/arm-none-eabi/10.3.1/../../../../arm-none-eabi/lib/thumb/v7-m/nofp\libg.a(lib_a-impure.o)
                0x20000144                _impure_ptr
 .data.impure_data
                0x20000148      0x428 e:/stmicroelectronics/gcc-arm-none-eabi-10.3-2021.10/bin/../lib/gcc/arm-none-eabi/10.3.1/../../../../arm-none-eabi/lib/thumb/v7-m/nofp\libg.a(lib_a-impure.o)
 .data.__atexit_recursive_mutex
                0x20000570        0x4 e:/stmicroelectronics/gcc-arm-none-eabi-10.3-2021.10/bin/../lib/gcc/arm-none-eabi/10.3.1/../../../../arm-none-eabi/lib/thumb/v7-m/nofp\libg.a(lib_a-__call_atexit.o)
                0x20000570                __atexit_recursive_mutex
 .data.__malloc_av_
                0x20000574      0x408 e:/stmicroelectronics/gcc-arm-none-eabi-10.3-2021.10/bin/../lib/gcc/arm-none-eabi/10.3.1/../../../../arm-none-eabi/lib/thumb/v7-m/nofp\libg.a(lib_a-mallocr.o)
                0x20000574                __malloc_av_
 .data.__malloc_sbrk_base
                0x2000097c        0x4 e:/stmicroelectronics/gcc-arm-none-eabi-10.3-2021.10/bin/../lib/gcc/arm-none-eabi/10.3.1/../../../../arm-none-eabi/lib/thumb/v7-m/nofp\libg.a(lib_a-mallocr.o)
                0x2000097c                __malloc_sbrk_base
 .data.__malloc_trim_threshold
                0x20000980        0x4 e:/stmicroelectronics/gcc-arm-none-eabi-10.3-2021.10/bin/../lib/gcc/arm-none-eabi/10.3.1/../../../../arm-none-eabi/lib/thumb/v7-m/nofp\libg.a(lib_a-mallocr.o)
                0x20000980                __malloc_trim_threshold
 .data.__global_locale
                0x20000984      0x16c e:/stmicroelectronics/gcc-arm-none-eabi-10.3-2021.10/bin/../lib/gcc/arm-none-eabi/10.3.1/../../../../arm-none-eabi/lib/thumb/v7-m/nofp\libg.a(lib_a-locale.o)
                0x20000984                __global_locale
 *(.RamFunc)
 *(.RamFunc*)
                0x20000af0                . = ALIGN (0x4)
                0x20000af0                _edata = .

.igot.plt       0x20000af0        0x0 load address 0x0800be34
 .igot.plt      0x20000af0        0x0 e:/stmicroelectronics/gcc-arm-none-eabi-10.3-2021.10/bin/../lib/gcc/arm-none-eabi/10.3.1/thumb/v7-m/nofp/crtbegin.o
                0x20000af0                . = ALIGN (0x4)

.bss            0x20000af0      0x880 load address 0x0800be34
                0x20000af0                _sbss = .
                0x20000af0                __bss_start__ = _sbss
 *(.bss)
 .bss           0x20000af0       0x1c e:/stmicroelectronics/gcc-arm-none-eabi-10.3-2021.10/bin/../lib/gcc/arm-none-eabi/10.3.1/thumb/v7-m/nofp/crtbegin.o
 *(.bss*)
 .bss.__sbrk_heap_end
                0x20000b0c        0x4 CMakeFiles/ProjectCV.elf.dir/Core/Src/sysmem.c.obj
 .bss.huart1    0x20000b10       0x44 CMakeFiles/ProjectCV.elf.dir/Core/Src/usart.c.obj
                0x20000b10                huart1
 .bss.uwTick    0x20000b54        0x4 CMakeFiles/ProjectCV.elf.dir/Drivers/STM32F1xx_HAL_Driver/Src/stm32f1xx_hal.c.obj
                0x20000b54                uwTick
 .bss.cfgidx.0  0x20000b58        0x1 CMakeFiles/ProjectCV.elf.dir/Middlewares/ST/STM32_USB_Device_Library/Core/Src/usbd_ctlreq.c.obj
 *fill*         0x20000b59        0x3 
 .bss.hUsbDeviceFS
                0x20000b5c      0x2c4 CMakeFiles/ProjectCV.elf.dir/USB_DEVICE/App/usb_device.c.obj
                0x20000b5c                hUsbDeviceFS
 .bss.USBD_StrDesc
                0x20000e20      0x200 CMakeFiles/ProjectCV.elf.dir/USB_DEVICE/App/usbd_desc.c.obj
                0x20000e20                USBD_StrDesc
 .bss.hpcd_USB_FS
                0x20001020      0x2ec CMakeFiles/ProjectCV.elf.dir/USB_DEVICE/Target/usbd_conf.c.obj
                0x20001020                hpcd_USB_FS
 .bss.mem.0     0x2000130c       0x1c CMakeFiles/ProjectCV.elf.dir/USB_DEVICE/Target/usbd_conf.c.obj
 .bss.__lock___atexit_recursive_mutex
                0x20001328        0x1 e:/stmicroelectronics/gcc-arm-none-eabi-10.3-2021.10/bin/../lib/gcc/arm-none-eabi/10.3.1/../../../../arm-none-eabi/lib/thumb/v7-m/nofp\libg.a(lib_a-lock.o)
                0x20001328                __lock___atexit_recursive_mutex
 *fill*         0x20001329        0x3 
 .bss.__lock___malloc_recursive_mutex
                0x2000132c        0x1 e:/stmicroelectronics/gcc-arm-none-eabi-10.3-2021.10/bin/../lib/gcc/arm-none-eabi/10.3.1/../../../../arm-none-eabi/lib/thumb/v7-m/nofp\libg.a(lib_a-lock.o)
                0x2000132c                __lock___malloc_recursive_mutex
 *fill*         0x2000132d        0x3 
 .bss.__lock___sfp_recursive_mutex
                0x20001330        0x1 e:/stmicroelectronics/gcc-arm-none-eabi-10.3-2021.10/bin/../lib/gcc/arm-none-eabi/10.3.1/../../../../arm-none-eabi/lib/thumb/v7-m/nofp\libg.a(lib_a-lock.o)
                0x20001330                __lock___sfp_recursive_mutex
 *fill*         0x20001331        0x3 
 .bss.__lock___sinit_recursive_mutex
                0x20001334        0x1 e:/stmicroelectronics/gcc-arm-none-eabi-10.3-2021.10/bin/../lib/gcc/arm-none-eabi/10.3.1/../../../../arm-none-eabi/lib/thumb/v7-m/nofp\libg.a(lib_a-lock.o)
                0x20001334                __lock___sinit_recursive_mutex
 *fill*         0x20001335        0x3 
 .bss.__malloc_current_mallinfo
                0x20001338       0x28 e:/stmicroelectronics/gcc-arm-none-eabi-10.3-2021.10/bin/../lib/gcc/arm-none-eabi/10.3.1/../../../../arm-none-eabi/lib/thumb/v7-m/nofp\libg.a(lib_a-mallocr.o)
                0x20001338                __malloc_current_mallinfo
 .bss.__malloc_max_sbrked_mem
                0x20001360        0x4 e:/stmicroelectronics/gcc-arm-none-eabi-10.3-2021.10/bin/../lib/gcc/arm-none-eabi/10.3.1/../../../../arm-none-eabi/lib/thumb/v7-m/nofp\libg.a(lib_a-mallocr.o)
                0x20001360                __malloc_max_sbrked_mem
 .bss.__malloc_max_total_mem
                0x20001364        0x4 e:/stmicroelectronics/gcc-arm-none-eabi-10.3-2021.10/bin/../lib/gcc/arm-none-eabi/10.3.1/../../../../arm-none-eabi/lib/thumb/v7-m/nofp\libg.a(lib_a-mallocr.o)
                0x20001364                __malloc_max_total_mem
 .bss.__malloc_top_pad
                0x20001368        0x4 e:/stmicroelectronics/gcc-arm-none-eabi-10.3-2021.10/bin/../lib/gcc/arm-none-eabi/10.3.1/../../../../arm-none-eabi/lib/thumb/v7-m/nofp\libg.a(lib_a-mallocr.o)
                0x20001368                __malloc_top_pad
 .bss.errno     0x2000136c        0x4 e:/stmicroelectronics/gcc-arm-none-eabi-10.3-2021.10/bin/../lib/gcc/arm-none-eabi/10.3.1/../../../../arm-none-eabi/lib/thumb/v7-m/nofp\libg.a(lib_a-reent.o)
                0x2000136c                errno
 *(COMMON)
                0x20001370                . = ALIGN (0x4)
                0x20001370                _ebss = .
                0x20001370                __bss_end__ = _ebss

._user_heap_stack
                0x20001370      0x600 load address 0x0800be34
                0x20001370                . = ALIGN (0x8)
                [!provide]                PROVIDE (end = .)
                0x20001370                PROVIDE (_end = .)
                0x20001570                . = (. + _Min_Heap_Size)
 *fill*         0x20001370      0x200 
                0x20001970                . = (. + _Min_Stack_Size)
 *fill*         0x20001570      0x400 
                0x20001970                . = ALIGN (0x8)

/DISCARD/
 libc.a(*)
 libm.a(*)
 libgcc.a(*)

.ARM.attributes
                0x00000000       0x29
 *(.ARM.attributes)
 .ARM.attributes
                0x00000000       0x1d e:/stmicroelectronics/gcc-arm-none-eabi-10.3-2021.10/bin/../lib/gcc/arm-none-eabi/10.3.1/thumb/v7-m/nofp/crti.o
 .ARM.attributes
                0x0000001d       0x2d e:/stmicroelectronics/gcc-arm-none-eabi-10.3-2021.10/bin/../lib/gcc/arm-none-eabi/10.3.1/thumb/v7-m/nofp/crtbegin.o
 .ARM.attributes
                0x0000004a       0x2d CMakeFiles/ProjectCV.elf.dir/Core/Src/gpio.c.obj
 .ARM.attributes
                0x00000077       0x2d CMakeFiles/ProjectCV.elf.dir/Core/Src/main.c.obj
 .ARM.attributes
                0x000000a4       0x2d CMakeFiles/ProjectCV.elf.dir/Core/Src/stm32f1xx_hal_msp.c.obj
 .ARM.attributes
                0x000000d1       0x2d CMakeFiles/ProjectCV.elf.dir/Core/Src/stm32f1xx_it.c.obj
 .ARM.attributes
                0x000000fe       0x2d CMakeFiles/ProjectCV.elf.dir/Core/Src/syscalls.c.obj
 .ARM.attributes
                0x0000012b       0x2d CMakeFiles/ProjectCV.elf.dir/Core/Src/sysmem.c.obj
 .ARM.attributes
                0x00000158       0x2d CMakeFiles/ProjectCV.elf.dir/Core/Src/system_stm32f1xx.c.obj
 .ARM.attributes
                0x00000185       0x2d CMakeFiles/ProjectCV.elf.dir/Core/Src/usart.c.obj
 .ARM.attributes
                0x000001b2       0x21 CMakeFiles/ProjectCV.elf.dir/Core/Startup/startup_stm32f103zetx.s.obj
 .ARM.attributes
                0x000001d3       0x2d CMakeFiles/ProjectCV.elf.dir/Drivers/STM32F1xx_HAL_Driver/Src/stm32f1xx_hal.c.obj
 .ARM.attributes
                0x00000200       0x2d CMakeFiles/ProjectCV.elf.dir/Drivers/STM32F1xx_HAL_Driver/Src/stm32f1xx_hal_cortex.c.obj
 .ARM.attributes
                0x0000022d       0x2d CMakeFiles/ProjectCV.elf.dir/Drivers/STM32F1xx_HAL_Driver/Src/stm32f1xx_hal_gpio.c.obj
 .ARM.attributes
                0x0000025a       0x2d CMakeFiles/ProjectCV.elf.dir/Drivers/STM32F1xx_HAL_Driver/Src/stm32f1xx_hal_pcd.c.obj
 .ARM.attributes
                0x00000287       0x2d CMakeFiles/ProjectCV.elf.dir/Drivers/STM32F1xx_HAL_Driver/Src/stm32f1xx_hal_pcd_ex.c.obj
 .ARM.attributes
                0x000002b4       0x2d CMakeFiles/ProjectCV.elf.dir/Drivers/STM32F1xx_HAL_Driver/Src/stm32f1xx_hal_rcc.c.obj
 .ARM.attributes
                0x000002e1       0x2d CMakeFiles/ProjectCV.elf.dir/Drivers/STM32F1xx_HAL_Driver/Src/stm32f1xx_hal_rcc_ex.c.obj
 .ARM.attributes
                0x0000030e       0x2d CMakeFiles/ProjectCV.elf.dir/Drivers/STM32F1xx_HAL_Driver/Src/stm32f1xx_hal_uart.c.obj
 .ARM.attributes
                0x0000033b       0x2d CMakeFiles/ProjectCV.elf.dir/Drivers/STM32F1xx_HAL_Driver/Src/stm32f1xx_ll_usb.c.obj
 .ARM.attributes
                0x00000368       0x2d CMakeFiles/ProjectCV.elf.dir/Middlewares/ST/STM32_USB_Device_Library/Class/CustomHID/Src/usbd_customhid.c.obj
 .ARM.attributes
                0x00000395       0x2d CMakeFiles/ProjectCV.elf.dir/Middlewares/ST/STM32_USB_Device_Library/Core/Src/usbd_core.c.obj
 .ARM.attributes
                0x000003c2       0x2d CMakeFiles/ProjectCV.elf.dir/Middlewares/ST/STM32_USB_Device_Library/Core/Src/usbd_ctlreq.c.obj
 .ARM.attributes
                0x000003ef       0x2d CMakeFiles/ProjectCV.elf.dir/Middlewares/ST/STM32_USB_Device_Library/Core/Src/usbd_ioreq.c.obj
 .ARM.attributes
                0x0000041c       0x2d CMakeFiles/ProjectCV.elf.dir/USB_DEVICE/App/usb_device.c.obj
 .ARM.attributes
                0x00000449       0x2d CMakeFiles/ProjectCV.elf.dir/USB_DEVICE/App/usbd_custom_hid_if.c.obj
 .ARM.attributes
                0x00000476       0x2d CMakeFiles/ProjectCV.elf.dir/USB_DEVICE/App/usbd_desc.c.obj
 .ARM.attributes
                0x000004a3       0x2d CMakeFiles/ProjectCV.elf.dir/USB_DEVICE/Target/usbd_conf.c.obj
 .ARM.attributes
                0x000004d0       0x2d e:/stmicroelectronics/gcc-arm-none-eabi-10.3-2021.10/bin/../lib/gcc/arm-none-eabi/10.3.1/../../../../arm-none-eabi/lib/thumb/v7-m/nofp\libg.a(lib_a-errno.o)
 .ARM.attributes
                0x000004fd       0x2d e:/stmicroelectronics/gcc-arm-none-eabi-10.3-2021.10/bin/../lib/gcc/arm-none-eabi/10.3.1/../../../../arm-none-eabi/lib/thumb/v7-m/nofp\libg.a(lib_a-impure.o)
 .ARM.attributes
                0x0000052a       0x2d e:/stmicroelectronics/gcc-arm-none-eabi-10.3-2021.10/bin/../lib/gcc/arm-none-eabi/10.3.1/../../../../arm-none-eabi/lib/thumb/v7-m/nofp\libg.a(lib_a-init.o)
 .ARM.attributes
                0x00000557       0x2d e:/stmicroelectronics/gcc-arm-none-eabi-10.3-2021.10/bin/../lib/gcc/arm-none-eabi/10.3.1/../../../../arm-none-eabi/lib/thumb/v7-m/nofp\libg.a(lib_a-memset.o)
 .ARM.attributes
                0x00000584       0x2d e:/stmicroelectronics/gcc-arm-none-eabi-10.3-2021.10/bin/../lib/gcc/arm-none-eabi/10.3.1/../../../../arm-none-eabi/lib/thumb/v7-m/nofp\libg.a(lib_a-printf.o)
 .ARM.attributes
                0x000005b1       0x2d e:/stmicroelectronics/gcc-arm-none-eabi-10.3-2021.10/bin/../lib/gcc/arm-none-eabi/10.3.1/../../../../arm-none-eabi/lib/thumb/v7-m/nofp\libg.a(lib_a-vfprintf.o)
 .ARM.attributes
                0x000005de       0x2d e:/stmicroelectronics/gcc-arm-none-eabi-10.3-2021.10/bin/../lib/gcc/arm-none-eabi/10.3.1/../../../../arm-none-eabi/lib/thumb/v7-m/nofp\libg.a(lib_a-wsetup.o)
 .ARM.attributes
                0x0000060b       0x2d e:/stmicroelectronics/gcc-arm-none-eabi-10.3-2021.10/bin/../lib/gcc/arm-none-eabi/10.3.1/../../../../arm-none-eabi/lib/thumb/v7-m/nofp\libg.a(lib_a-__call_atexit.o)
 .ARM.attributes
                0x00000638       0x2d e:/stmicroelectronics/gcc-arm-none-eabi-10.3-2021.10/bin/../lib/gcc/arm-none-eabi/10.3.1/../../../../arm-none-eabi/lib/thumb/v7-m/nofp\libg.a(lib_a-atexit.o)
 .ARM.attributes
                0x00000665       0x2d e:/stmicroelectronics/gcc-arm-none-eabi-10.3-2021.10/bin/../lib/gcc/arm-none-eabi/10.3.1/../../../../arm-none-eabi/lib/thumb/v7-m/nofp\libg.a(lib_a-dtoa.o)
 .ARM.attributes
                0x00000692       0x2d e:/stmicroelectronics/gcc-arm-none-eabi-10.3-2021.10/bin/../lib/gcc/arm-none-eabi/10.3.1/../../../../arm-none-eabi/lib/thumb/v7-m/nofp\libg.a(lib_a-fflush.o)
 .ARM.attributes
                0x000006bf       0x2d e:/stmicroelectronics/gcc-arm-none-eabi-10.3-2021.10/bin/../lib/gcc/arm-none-eabi/10.3.1/../../../../arm-none-eabi/lib/thumb/v7-m/nofp\libg.a(lib_a-findfp.o)
 .ARM.attributes
                0x000006ec       0x2d e:/stmicroelectronics/gcc-arm-none-eabi-10.3-2021.10/bin/../lib/gcc/arm-none-eabi/10.3.1/../../../../arm-none-eabi/lib/thumb/v7-m/nofp\libg.a(lib_a-fini.o)
 .ARM.attributes
                0x00000719       0x2d e:/stmicroelectronics/gcc-arm-none-eabi-10.3-2021.10/bin/../lib/gcc/arm-none-eabi/10.3.1/../../../../arm-none-eabi/lib/thumb/v7-m/nofp\libg.a(lib_a-freer.o)
 .ARM.attributes
                0x00000746       0x2d e:/stmicroelectronics/gcc-arm-none-eabi-10.3-2021.10/bin/../lib/gcc/arm-none-eabi/10.3.1/../../../../arm-none-eabi/lib/thumb/v7-m/nofp\libg.a(lib_a-fwalk.o)
 .ARM.attributes
                0x00000773       0x2d e:/stmicroelectronics/gcc-arm-none-eabi-10.3-2021.10/bin/../lib/gcc/arm-none-eabi/10.3.1/../../../../arm-none-eabi/lib/thumb/v7-m/nofp\libg.a(lib_a-localeconv.o)
 .ARM.attributes
                0x000007a0       0x2d e:/stmicroelectronics/gcc-arm-none-eabi-10.3-2021.10/bin/../lib/gcc/arm-none-eabi/10.3.1/../../../../arm-none-eabi/lib/thumb/v7-m/nofp\libg.a(lib_a-lock.o)
 .ARM.attributes
                0x000007cd       0x2d e:/stmicroelectronics/gcc-arm-none-eabi-10.3-2021.10/bin/../lib/gcc/arm-none-eabi/10.3.1/../../../../arm-none-eabi/lib/thumb/v7-m/nofp\libg.a(lib_a-makebuf.o)
 .ARM.attributes
                0x000007fa       0x2d e:/stmicroelectronics/gcc-arm-none-eabi-10.3-2021.10/bin/../lib/gcc/arm-none-eabi/10.3.1/../../../../arm-none-eabi/lib/thumb/v7-m/nofp\libg.a(lib_a-mallocr.o)
 .ARM.attributes
                0x00000827       0x2d e:/stmicroelectronics/gcc-arm-none-eabi-10.3-2021.10/bin/../lib/gcc/arm-none-eabi/10.3.1/../../../../arm-none-eabi/lib/thumb/v7-m/nofp\libg.a(lib_a-memchr-stub.o)
 .ARM.attributes
                0x00000854       0x1b e:/stmicroelectronics/gcc-arm-none-eabi-10.3-2021.10/bin/../lib/gcc/arm-none-eabi/10.3.1/../../../../arm-none-eabi/lib/thumb/v7-m/nofp\libg.a(lib_a-memcpy.o)
 .ARM.attributes
                0x0000086f       0x2d e:/stmicroelectronics/gcc-arm-none-eabi-10.3-2021.10/bin/../lib/gcc/arm-none-eabi/10.3.1/../../../../arm-none-eabi/lib/thumb/v7-m/nofp\libg.a(lib_a-mlock.o)
 .ARM.attributes
                0x0000089c       0x2d e:/stmicroelectronics/gcc-arm-none-eabi-10.3-2021.10/bin/../lib/gcc/arm-none-eabi/10.3.1/../../../../arm-none-eabi/lib/thumb/v7-m/nofp\libg.a(lib_a-mprec.o)
 .ARM.attributes
                0x000008c9       0x2d e:/stmicroelectronics/gcc-arm-none-eabi-10.3-2021.10/bin/../lib/gcc/arm-none-eabi/10.3.1/../../../../arm-none-eabi/lib/thumb/v7-m/nofp\libg.a(lib_a-s_frexp.o)
 .ARM.attributes
                0x000008f6       0x2d e:/stmicroelectronics/gcc-arm-none-eabi-10.3-2021.10/bin/../lib/gcc/arm-none-eabi/10.3.1/../../../../arm-none-eabi/lib/thumb/v7-m/nofp\libg.a(lib_a-sbrkr.o)
 .ARM.attributes
                0x00000923       0x2d e:/stmicroelectronics/gcc-arm-none-eabi-10.3-2021.10/bin/../lib/gcc/arm-none-eabi/10.3.1/../../../../arm-none-eabi/lib/thumb/v7-m/nofp\libg.a(lib_a-stdio.o)
 .ARM.attributes
                0x00000950       0x2d e:/stmicroelectronics/gcc-arm-none-eabi-10.3-2021.10/bin/../lib/gcc/arm-none-eabi/10.3.1/../../../../arm-none-eabi/lib/thumb/v7-m/nofp\libg.a(lib_a-strlen-stub.o)
 .ARM.attributes
                0x0000097d       0x2d e:/stmicroelectronics/gcc-arm-none-eabi-10.3-2021.10/bin/../lib/gcc/arm-none-eabi/10.3.1/../../../../arm-none-eabi/lib/thumb/v7-m/nofp\libg.a(lib_a-strncpy.o)
 .ARM.attributes
                0x000009aa       0x2d e:/stmicroelectronics/gcc-arm-none-eabi-10.3-2021.10/bin/../lib/gcc/arm-none-eabi/10.3.1/../../../../arm-none-eabi/lib/thumb/v7-m/nofp\libg.a(lib_a-vfiprintf.o)
 .ARM.attributes
                0x000009d7       0x2d e:/stmicroelectronics/gcc-arm-none-eabi-10.3-2021.10/bin/../lib/gcc/arm-none-eabi/10.3.1/../../../../arm-none-eabi/lib/thumb/v7-m/nofp\libg.a(lib_a-writer.o)
 .ARM.attributes